Archive member included to satisfy reference by file (symbol)

c:/users/sam.kinuthia/opensourcetools/gnu tools arm embedded/7 2018-q2-update/bin/../lib/gcc/arm-none-eabi/7.3.1/../../../../arm-none-eabi/lib/thumb/v7e-m/fpv4-sp/hard\libc_nano.a(lib_a-exit.o)
                              c:/users/sam.kinuthia/opensourcetools/gnu tools arm embedded/7 2018-q2-update/bin/../lib/gcc/arm-none-eabi/7.3.1/../../../../arm-none-eabi/lib/thumb/v7e-m/fpv4-sp/hard/crt0.o (exit)
c:/users/sam.kinuthia/opensourcetools/gnu tools arm embedded/7 2018-q2-update/bin/../lib/gcc/arm-none-eabi/7.3.1/../../../../arm-none-eabi/lib/thumb/v7e-m/fpv4-sp/hard\libc_nano.a(lib_a-fflush.o)
                              appbuild/shell_main.o (fflush)
c:/users/sam.kinuthia/opensourcetools/gnu tools arm embedded/7 2018-q2-update/bin/../lib/gcc/arm-none-eabi/7.3.1/../../../../arm-none-eabi/lib/thumb/v7e-m/fpv4-sp/hard\libc_nano.a(lib_a-findfp.o)
                              c:/users/sam.kinuthia/opensourcetools/gnu tools arm embedded/7 2018-q2-update/bin/../lib/gcc/arm-none-eabi/7.3.1/../../../../arm-none-eabi/lib/thumb/v7e-m/fpv4-sp/hard\libc_nano.a(lib_a-fflush.o) (__sinit)
c:/users/sam.kinuthia/opensourcetools/gnu tools arm embedded/7 2018-q2-update/bin/../lib/gcc/arm-none-eabi/7.3.1/../../../../arm-none-eabi/lib/thumb/v7e-m/fpv4-sp/hard\libc_nano.a(lib_a-fwalk.o)
                              c:/users/sam.kinuthia/opensourcetools/gnu tools arm embedded/7 2018-q2-update/bin/../lib/gcc/arm-none-eabi/7.3.1/../../../../arm-none-eabi/lib/thumb/v7e-m/fpv4-sp/hard\libc_nano.a(lib_a-findfp.o) (_fwalk)
c:/users/sam.kinuthia/opensourcetools/gnu tools arm embedded/7 2018-q2-update/bin/../lib/gcc/arm-none-eabi/7.3.1/../../../../arm-none-eabi/lib/thumb/v7e-m/fpv4-sp/hard\libc_nano.a(lib_a-getchar.o)
                              appbuild/shell_main.o (getchar)
c:/users/sam.kinuthia/opensourcetools/gnu tools arm embedded/7 2018-q2-update/bin/../lib/gcc/arm-none-eabi/7.3.1/../../../../arm-none-eabi/lib/thumb/v7e-m/fpv4-sp/hard\libc_nano.a(lib_a-impure.o)
                              c:/users/sam.kinuthia/opensourcetools/gnu tools arm embedded/7 2018-q2-update/bin/../lib/gcc/arm-none-eabi/7.3.1/../../../../arm-none-eabi/lib/thumb/v7e-m/fpv4-sp/hard\libc_nano.a(lib_a-exit.o) (_global_impure_ptr)
c:/users/sam.kinuthia/opensourcetools/gnu tools arm embedded/7 2018-q2-update/bin/../lib/gcc/arm-none-eabi/7.3.1/../../../../arm-none-eabi/lib/thumb/v7e-m/fpv4-sp/hard\libc_nano.a(lib_a-init.o)
                              c:/users/sam.kinuthia/opensourcetools/gnu tools arm embedded/7 2018-q2-update/bin/../lib/gcc/arm-none-eabi/7.3.1/../../../../arm-none-eabi/lib/thumb/v7e-m/fpv4-sp/hard/crt0.o (__libc_init_array)
c:/users/sam.kinuthia/opensourcetools/gnu tools arm embedded/7 2018-q2-update/bin/../lib/gcc/arm-none-eabi/7.3.1/../../../../arm-none-eabi/lib/thumb/v7e-m/fpv4-sp/hard\libc_nano.a(lib_a-memcpy-stub.o)
                              appbuild/hal_rng.o (memcpy)
c:/users/sam.kinuthia/opensourcetools/gnu tools arm embedded/7 2018-q2-update/bin/../lib/gcc/arm-none-eabi/7.3.1/../../../../arm-none-eabi/lib/thumb/v7e-m/fpv4-sp/hard\libc_nano.a(lib_a-memset.o)
                              c:/users/sam.kinuthia/opensourcetools/gnu tools arm embedded/7 2018-q2-update/bin/../lib/gcc/arm-none-eabi/7.3.1/../../../../arm-none-eabi/lib/thumb/v7e-m/fpv4-sp/hard/crt0.o (memset)
c:/users/sam.kinuthia/opensourcetools/gnu tools arm embedded/7 2018-q2-update/bin/../lib/gcc/arm-none-eabi/7.3.1/../../../../arm-none-eabi/lib/thumb/v7e-m/fpv4-sp/hard\libc_nano.a(lib_a-nano-vfprintf_float.o)
                              (_printf_float)
c:/users/sam.kinuthia/opensourcetools/gnu tools arm embedded/7 2018-q2-update/bin/../lib/gcc/arm-none-eabi/7.3.1/../../../../arm-none-eabi/lib/thumb/v7e-m/fpv4-sp/hard\libc_nano.a(lib_a-nano-vfprintf_i.o)
                              c:/users/sam.kinuthia/opensourcetools/gnu tools arm embedded/7 2018-q2-update/bin/../lib/gcc/arm-none-eabi/7.3.1/../../../../arm-none-eabi/lib/thumb/v7e-m/fpv4-sp/hard\libc_nano.a(lib_a-nano-vfprintf_float.o) (_printf_common)
c:/users/sam.kinuthia/opensourcetools/gnu tools arm embedded/7 2018-q2-update/bin/../lib/gcc/arm-none-eabi/7.3.1/../../../../arm-none-eabi/lib/thumb/v7e-m/fpv4-sp/hard\libc_nano.a(lib_a-printf.o)
                              appbuild/atiny_log.o (printf)
c:/users/sam.kinuthia/opensourcetools/gnu tools arm embedded/7 2018-q2-update/bin/../lib/gcc/arm-none-eabi/7.3.1/../../../../arm-none-eabi/lib/thumb/v7e-m/fpv4-sp/hard\libc_nano.a(lib_a-putchar.o)
                              appbuild/shell_main.o (putchar)
c:/users/sam.kinuthia/opensourcetools/gnu tools arm embedded/7 2018-q2-update/bin/../lib/gcc/arm-none-eabi/7.3.1/../../../../arm-none-eabi/lib/thumb/v7e-m/fpv4-sp/hard\libc_nano.a(lib_a-puts.o)
                              appbuild/los_init.o (puts)
[...]
Memory Configuration

Name             Origin             Length             Attributes
RAM              0x20000000         0x00010000         xrw
FLASH            0x08000000         0x00040000         xr
*default*        0x00000000         0xffffffff

Linker script and memory map

LOAD c:/users/sam.kinuthia/opensourcetools/gnu tools arm embedded/7 2018-q2-update/bin/../lib/gcc/arm-none-eabi/7.3.1/thumb/v7e-m/fpv4-sp/hard/crti.o
LOAD c:/users/sam.kinuthia/opensourcetools/gnu tools arm embedded/7 2018-q2-update/bin/../lib/gcc/arm-none-eabi/7.3.1/thumb/v7e-m/fpv4-sp/hard/crtbegin.o
LOAD c:/users/sam.kinuthia/opensourcetools/gnu tools arm embedded/7 2018-q2-update/bin/../lib/gcc/arm-none-eabi/7.3.1/../../../../arm-none-eabi/lib/thumb/v7e-m/fpv4-sp/hard/crt0.o
LOAD appbuild/stm32l4xx_hal_flash.o
LOAD appbuild/stm32l4xx_hal_tim_ex.o
LOAD appbuild/stm32l4xx_hal_rcc.o
LOAD appbuild/stm32l4xx_hal_pwr_ex.o
LOAD appbuild/stm32l4xx_hal_pwr.o
LOAD appbuild/stm32l4xx_hal_gpio.o
LOAD appbuild/stm32l4xx_hal_rcc_ex.o
LOAD appbuild/stm32l4xx_hal_flash_ex.o
LOAD appbuild/stm32l4xx_hal_flash_ramfunc.o
LOAD appbuild/stm32l4xx_hal_cortex.o
LOAD appbuild/stm32l4xx_hal_uart.o
LOAD appbuild/stm32l4xx_hal_uart_ex.o
LOAD appbuild/stm32l4xx_hal.o
LOAD appbuild/stm32l4xx_hal_tim.o
LOAD appbuild/stm32l4xx_hal_spi.o
LOAD appbuild/stm32l4xx_hal_i2c.o
LOAD appbuild/stm32l4xx_hal_i2c_ex.o
LOAD appbuild/stm32l4xx_hal_iwdg.o
LOAD appbuild/stm32l4xx_hal_adc.o
LOAD appbuild/hal_iwdg.o
LOAD appbuild/hal_rng.o
LOAD appbuild/hal_qspi_flash.o
LOAD appbuild/lcd.o
LOAD appbuild/stm32l4xx_hal_dma.o
LOAD appbuild/stm32l4xx_hal_dma_ex.o
LOAD appbuild/stm32l4xx_hal_rng.o
LOAD appbuild/main.o
LOAD appbuild/system_stm32l4xx.o
LOAD appbuild/stm32l4xx_it.o
LOAD appbuild/sys_init.o
LOAD appbuild/usart.o
LOAD appbuild/uart_debug.o
LOAD appbuild/dwt.o
LOAD appbuild/i2c.o
LOAD appbuild/spi.o
LOAD appbuild/gpio.o
LOAD appbuild/Huawei_IoT_QR_Code.o
LOAD appbuild/link_string.o
LOAD appbuild/link_random.o
LOAD appbuild/link_ring_buffer.o
LOAD appbuild/link_log.o
LOAD appbuild/atiny_log.o
LOAD appbuild/osal.o
LOAD appbuild/los_exc.o
LOAD appbuild/los_dispatch.o
LOAD appbuild/los_hw_tick.o
LOAD appbuild/los_hwi.o
LOAD appbuild/los_svc.o
LOAD appbuild/los_mpu.o
LOAD appbuild/los_hw.o
LOAD appbuild/cmsis_liteos.o
LOAD appbuild/rbtree.o
LOAD appbuild/liteos_errno.o
LOAD appbuild/newlib_stub.o
LOAD appbuild/liteos_imp.o
LOAD appbuild/malloc.o
LOAD appbuild/los_init.o
LOAD appbuild/los_sys.o
LOAD appbuild/los_priqueue.o
LOAD appbuild/los_timeslice.o
LOAD appbuild/los_task.o
LOAD appbuild/los_tick.o
LOAD appbuild/los_swtmr.o
LOAD appbuild/los_queue.o
LOAD appbuild/los_event.o
LOAD appbuild/los_sem.o
LOAD appbuild/los_rwlock.o
LOAD appbuild/los_mux.o
LOAD appbuild/los_memory.o
LOAD appbuild/los_heap.o
LOAD appbuild/los_membox.o
LOAD appbuild/los_slab.o
LOAD appbuild/los_slabmem.o
LOAD appbuild/los_memcheck.o
LOAD appbuild/los_misc.o
LOAD appbuild/los_err.o
LOAD appbuild/los_tickless.o
LOAD appbuild/shell_cmd.o
LOAD appbuild/shell_main.o
LOAD appbuild/shell_test.o
LOAD appbuild/queue.o
LOAD appbuild/crc32.o
LOAD appbuild/crc8.o
LOAD appbuild/crc16.o
LOAD appbuild/storage.o
LOAD appbuild/partition.o
LOAD appbuild/link_main.o
LOAD appbuild/hello_world_demo.o
LOAD appbuild/los_startup.o
LOAD c:/users/sam.kinuthia/opensourcetools/gnu tools arm embedded/7 2018-q2-update/bin/../lib/gcc/arm-none-eabi/7.3.1/../../../../arm-none-eabi/lib/thumb/v7e-m/fpv4-sp/hard\libc_nano.a
LOAD c:/users/sam.kinuthia/opensourcetools/gnu tools arm embedded/7 2018-q2-update/bin/../lib/gcc/arm-none-eabi/7.3.1/../../../../arm-none-eabi/lib/thumb/v7e-m/fpv4-sp/hard\libm.a
LOAD c:/users/sam.kinuthia/opensourcetools/gnu tools arm embedded/7 2018-q2-update/bin/../lib/gcc/arm-none-eabi/7.3.1/../../../../arm-none-eabi/lib/thumb/v7e-m/fpv4-sp/hard\libnosys.a
START GROUP
LOAD c:/users/sam.kinuthia/opensourcetools/gnu tools arm embedded/7 2018-q2-update/bin/../lib/gcc/arm-none-eabi/7.3.1/thumb/v7e-m/fpv4-sp/hard\libgcc.a
LOAD c:/users/sam.kinuthia/opensourcetools/gnu tools arm embedded/7 2018-q2-update/bin/../lib/gcc/arm-none-eabi/7.3.1/../../../../arm-none-eabi/lib/thumb/v7e-m/fpv4-sp/hard\libc_nano.a
END GROUP
START GROUP
LOAD c:/users/sam.kinuthia/opensourcetools/gnu tools arm embedded/7 2018-q2-update/bin/../lib/gcc/arm-none-eabi/7.3.1/thumb/v7e-m/fpv4-sp/hard\libgcc.a
LOAD c:/users/sam.kinuthia/opensourcetools/gnu tools arm embedded/7 2018-q2-update/bin/../lib/gcc/arm-none-eabi/7.3.1/../../../../arm-none-eabi/lib/thumb/v7e-m/fpv4-sp/hard\libc_nano.a
END GROUP
LOAD c:/users/sam.kinuthia/opensourcetools/gnu tools arm embedded/7 2018-q2-update/bin/../lib/gcc/arm-none-eabi/7.3.1/thumb/v7e-m/fpv4-sp/hard/crtend.o
LOAD c:/users/sam.kinuthia/opensourcetools/gnu tools arm embedded/7 2018-q2-update/bin/../lib/gcc/arm-none-eabi/7.3.1/thumb/v7e-m/fpv4-sp/hard/crtn.o
                0x20010000                _estack = 0x20010000
                0x00000200                _Min_Heap_Size = 0x200
                0x00000400                _Min_Stack_Size = 0x400

.isr_vector     0x08000000      0x400
                0x08000000                . = ALIGN (0x8)
 *(.isr_vector)
 .isr_vector    0x08000000      0x400 appbuild/los_hwi.o
                0x08000000                g_pstHwiForm
                0x08000400                . = ALIGN (0x8)

.text           0x08000400     0xd580
                0x08000400                . = ALIGN (0x8)
 *(.text)
 .text          0x08000400       0x40 c:/users/sam.kinuthia/opensourcetools/gnu tools arm embedded/7 2018-q2-update/bin/../lib/gcc/arm-none-eabi/7.3.1/thumb/v7e-m/fpv4-sp/hard/crtbegin.o
 .text          0x08000440       0x60 appbuild/los_startup.o
                0x08000440                Reset_Handler
 .text          0x080004a0       0x14 c:/users/sam.kinuthia/opensourcetools/gnu tools arm embedded/7 2018-q2-update/bin/../lib/gcc/arm-none-eabi/7.3.1/../../../../arm-none-eabi/lib/thumb/v7e-m/fpv4-sp/hard\libc_nano.a(lib_a-strcmp.o)
                0x080004a0                strcmp
 .text          0x080004b4       0x10 c:/users/sam.kinuthia/opensourcetools/gnu tools arm embedded/7 2018-q2-update/bin/../lib/gcc/arm-none-eabi/7.3.1/../../../../arm-none-eabi/lib/thumb/v7e-m/fpv4-sp/hard\libc_nano.a(lib_a-strlen.o)
                0x080004b4                strlen
 *fill*         0x080004c4        0xc 
 .text          0x080004d0       0xa0 c:/users/sam.kinuthia/opensourcetools/gnu tools arm embedded/7 2018-q2-update/bin/../lib/gcc/arm-none-eabi/7.3.1/../../../../arm-none-eabi/lib/thumb/v7e-m/fpv4-sp/hard\libc_nano.a(lib_a-memchr.o)
                0x080004d0                memchr
 .text          0x08000570      0x378 c:/users/sam.kinuthia/opensourcetools/gnu tools arm embedded/7 2018-q2-update/bin/../lib/gcc/arm-none-eabi/7.3.1/thumb/v7e-m/fpv4-sp/hard\libgcc.a(_arm_addsubdf3.o)
                0x08000570                __aeabi_drsub
                0x08000578                __aeabi_dsub
                0x08000578                __subdf3
                0x0800057c                __aeabi_dadd
                0x0800057c                __adddf3
                0x080007f4                __floatunsidf
                0x080007f4                __aeabi_ui2d
                0x08000814                __floatsidf
                0x08000814                __aeabi_i2d
                0x08000838                __aeabi_f2d
                0x08000838                __extendsfdf2
                0x0800087c                __floatundidf
                0x0800087c                __aeabi_ul2d
                0x0800088c                __floatdidf
                0x0800088c                __aeabi_l2d
 .text          0x080008e8      0x424 c:/users/sam.kinuthia/opensourcetools/gnu tools arm embedded/7 2018-q2-update/bin/../lib/gcc/arm-none-eabi/7.3.1/thumb/v7e-m/fpv4-sp/hard\libgcc.a(_arm_muldivdf3.o)
                0x080008e8                __aeabi_dmul
                0x080008e8                __muldf3
                0x08000b3c                __divdf3
                0x08000b3c                __aeabi_ddiv
 .text          0x08000d0c      0x110 c:/users/sam.kinuthia/opensourcetools/gnu tools arm embedded/7 2018-q2-update/bin/../lib/gcc/arm-none-eabi/7.3.1/thumb/v7e-m/fpv4-sp/hard\libgcc.a(_arm_cmpdf2.o)
                0x08000d0c                __gtdf2
                0x08000d0c                __gedf2
                0x08000d14                __ltdf2
                0x08000d14                __ledf2
                0x08000d1c                __nedf2
                0x08000d1c                __eqdf2
                0x08000d1c                __cmpdf2
                0x08000d98                __aeabi_cdrcmple
                0x08000da8                __aeabi_cdcmpeq
                0x08000da8                __aeabi_cdcmple
                0x08000db8                __aeabi_dcmpeq
                0x08000dcc                __aeabi_dcmplt
                0x08000de0                __aeabi_dcmple
                0x08000df4                __aeabi_dcmpge
                0x08000e08                __aeabi_dcmpgt
 .text          0x08000e1c       0x2c c:/users/sam.kinuthia/opensourcetools/gnu tools arm embedded/7 2018-q2-update/bin/../lib/gcc/arm-none-eabi/7.3.1/thumb/v7e-m/fpv4-sp/hard\libgcc.a(_arm_unorddf2.o)
                0x08000e1c                __unorddf2
                0x08000e1c                __aeabi_dcmpun
 .text          0x08000e48       0x50 c:/users/sam.kinuthia/opensourcetools/gnu tools arm embedded/7 2018-q2-update/bin/../lib/gcc/arm-none-eabi/7.3.1/thumb/v7e-m/fpv4-sp/hard\libgcc.a(_arm_fixdfsi.o)
                0x08000e48                __aeabi_d2iz
                0x08000e48                __fixdfsi
 .text          0x08000e98       0x30 c:/users/sam.kinuthia/opensourcetools/gnu tools arm embedded/7 2018-q2-update/bin/../lib/gcc/arm-none-eabi/7.3.1/thumb/v7e-m/fpv4-sp/hard\libgcc.a(_aeabi_uldivmod.o)
                0x08000e98                __aeabi_uldivmod
 .text          0x08000ec8      0x2cc c:/users/sam.kinuthia/opensourcetools/gnu tools arm embedded/7 2018-q2-update/bin/../lib/gcc/arm-none-eabi/7.3.1/thumb/v7e-m/fpv4-sp/hard\libgcc.a(_udivmoddi4.o)
                0x08000ec8                __udivmoddi4
 .text          0x08001194        0x4 c:/users/sam.kinuthia/opensourcetools/gnu tools arm embedded/7 2018-q2-update/bin/../lib/gcc/arm-none-eabi/7.3.1/thumb/v7e-m/fpv4-sp/hard\libgcc.a(_dvmd_tls.o)
                0x08001194                __aeabi_idiv0
                0x08001194                __aeabi_ldiv0
 *(.text*)
 .text.HAL_RCC_OscConfig
                0x08001198      0x73c appbuild/stm32l4xx_hal_rcc.o
                0x08001198                HAL_RCC_OscConfig
 .text.HAL_RCC_ClockConfig
                0x080018d4      0x230 appbuild/stm32l4xx_hal_rcc.o
                0x080018d4                HAL_RCC_ClockConfig
 .text.HAL_RCC_GetSysClockFreq
                0x08001b04      0x160 appbuild/stm32l4xx_hal_rcc.o
                0x08001b04                HAL_RCC_GetSysClockFreq
 .text.HAL_RCC_GetHCLKFreq
                0x08001c64       0x18 appbuild/stm32l4xx_hal_rcc.o
                0x08001c64                HAL_RCC_GetHCLKFreq
 .text.HAL_RCC_GetPCLK1Freq
                0x08001c7c       0x28 appbuild/stm32l4xx_hal_rcc.o
                0x08001c7c                HAL_RCC_GetPCLK1Freq
 .text.HAL_RCC_GetPCLK2Freq
                0x08001ca4       0x28 appbuild/stm32l4xx_hal_rcc.o
                0x08001ca4                HAL_RCC_GetPCLK2Freq
 .text.RCC_SetFlashLatencyFromMSIRange
                0x08001ccc       0xc4 appbuild/stm32l4xx_hal_rcc.o
 .text.HAL_PWREx_GetVoltageRange
                0x08001d90       0x1c appbuild/stm32l4xx_hal_pwr_ex.o
                0x08001d90                HAL_PWREx_GetVoltageRange
 .text.HAL_PWREx_ControlVoltageScaling
                0x08001dac       0xac appbuild/stm32l4xx_hal_pwr_ex.o
                0x08001dac                HAL_PWREx_ControlVoltageScaling
 .text.HAL_PWR_EnableBkUpAccess
                0x08001e58       0x20 appbuild/stm32l4xx_hal_pwr.o
                0x08001e58                HAL_PWR_EnableBkUpAccess
 .text.HAL_GPIO_Init
                0x08001e78      0x2fc appbuild/stm32l4xx_hal_gpio.o
                0x08001e78                HAL_GPIO_Init
 .text.HAL_GPIO_ReadPin
                0x08002174       0x30 appbuild/stm32l4xx_hal_gpio.o
                0x08002174                HAL_GPIO_ReadPin
 .text.HAL_GPIO_WritePin
                0x080021a4       0x30 appbuild/stm32l4xx_hal_gpio.o
                0x080021a4                HAL_GPIO_WritePin
 .text.HAL_RCCEx_PeriphCLKConfig
                0x080021d4      0x428 appbuild/stm32l4xx_hal_rcc_ex.o
                0x080021d4                HAL_RCCEx_PeriphCLKConfig
 .text.RCCEx_PLLSAI1_Config
                0x080025fc      0x1e4 appbuild/stm32l4xx_hal_rcc_ex.o
 .text.__NVIC_SetPriorityGrouping
                0x080027e0       0x48 appbuild/stm32l4xx_hal_cortex.o
 .text.__NVIC_GetPriorityGrouping
                0x08002828       0x1c appbuild/stm32l4xx_hal_cortex.o
 .text.__NVIC_EnableIRQ
                0x08002844       0x3c appbuild/stm32l4xx_hal_cortex.o
 .text.__NVIC_SetPriority
                0x08002880       0x54 appbuild/stm32l4xx_hal_cortex.o
 .text.NVIC_EncodePriority
                0x080028d4       0x66 appbuild/stm32l4xx_hal_cortex.o
 *fill*         0x0800293a        0x2 
 .text.SysTick_Config
                0x0800293c       0x44 appbuild/stm32l4xx_hal_cortex.o
 .text.HAL_NVIC_SetPriorityGrouping
                0x08002980       0x16 appbuild/stm32l4xx_hal_cortex.o
                0x08002980                HAL_NVIC_SetPriorityGrouping
 .text.HAL_NVIC_SetPriority
                0x08002996       0x38 appbuild/stm32l4xx_hal_cortex.o
                0x08002996                HAL_NVIC_SetPriority
 .text.HAL_NVIC_EnableIRQ
                0x080029ce       0x1c appbuild/stm32l4xx_hal_cortex.o
                0x080029ce                HAL_NVIC_EnableIRQ
 .text.HAL_SYSTICK_Config
                0x080029ea       0x18 appbuild/stm32l4xx_hal_cortex.o
                0x080029ea                HAL_SYSTICK_Config
 .text.HAL_UART_Init
                0x08002a02       0xa2 appbuild/stm32l4xx_hal_uart.o
                0x08002a02                HAL_UART_Init
 .text.HAL_UART_Transmit
                0x08002aa4      0x154 appbuild/stm32l4xx_hal_uart.o
                0x08002aa4                HAL_UART_Transmit
 .text.UART_SetConfig
                0x08002bf8      0x5b8 appbuild/stm32l4xx_hal_uart.o
                0x08002bf8                UART_SetConfig
 .text.UART_AdvFeatureConfig
                0x080031b0      0x144 appbuild/stm32l4xx_hal_uart.o
                0x080031b0                UART_AdvFeatureConfig
 .text.UART_CheckIdleState
                0x080032f4       0x92 appbuild/stm32l4xx_hal_uart.o
                0x080032f4                UART_CheckIdleState
 .text.UART_WaitOnFlagUntilTimeout
                0x08003386       0x94 appbuild/stm32l4xx_hal_uart.o
                0x08003386                UART_WaitOnFlagUntilTimeout
 .text.HAL_Init
                0x0800341a       0x1a appbuild/stm32l4xx_hal.o
                0x0800341a                HAL_Init
 .text.HAL_MspInit
                0x08003434        0xe appbuild/stm32l4xx_hal.o
                0x08003434                HAL_MspInit
 *fill*         0x08003442        0x2 
 .text.HAL_InitTick
                0x08003444       0x38 appbuild/stm32l4xx_hal.o
                0x08003444                HAL_InitTick
 .text.HAL_SPI_Init
                0x0800347c      0x114 appbuild/stm32l4xx_hal_spi.o
                0x0800347c                HAL_SPI_Init
 .text.HAL_SPI_Transmit
                0x08003590      0x2ac appbuild/stm32l4xx_hal_spi.o
                0x08003590                HAL_SPI_Transmit
 .text.SPI_WaitFlagStateUntilTimeout
                0x0800383c       0xd0 appbuild/stm32l4xx_hal_spi.o
 .text.SPI_WaitFifoStateUntilTimeout
                0x0800390c       0xe0 appbuild/stm32l4xx_hal_spi.o
 .text.SPI_EndRxTxTransaction
                0x080039ec       0x8c appbuild/stm32l4xx_hal_spi.o
 .text.HAL_I2C_Init
                0x08003a78      0x11e appbuild/stm32l4xx_hal_i2c.o
                0x08003a78                HAL_I2C_Init
 .text.HAL_I2CEx_ConfigAnalogFilter
                0x08003b96       0x96 appbuild/stm32l4xx_hal_i2c_ex.o
                0x08003b96                HAL_I2CEx_ConfigAnalogFilter
 .text.HAL_I2CEx_ConfigDigitalFilter
                0x08003c2c       0x9c appbuild/stm32l4xx_hal_i2c_ex.o
                0x08003c2c                HAL_I2CEx_ConfigDigitalFilter
 .text.LCD_Gpio_Init
                0x08003cc8       0xc0 appbuild/lcd.o
 .text.LCD_SPI_Send
                0x08003d88       0x1e appbuild/lcd.o
 *fill*         0x08003da6        0x2 
 .text.LCD_Write_Cmd
                0x08003da8       0x2c appbuild/lcd.o
 .text.LCD_Write_Data
                0x08003dd4       0x2c appbuild/lcd.o
 .text.LCD_Write_HalfWord
                0x08003e00       0x40 appbuild/lcd.o
                0x08003e00                LCD_Write_HalfWord
 .text.LCD_Address_Set
                0x08003e40       0x98 appbuild/lcd.o
                0x08003e40                LCD_Address_Set
 .text.LCD_Clear
                0x08003ed8       0x8c appbuild/lcd.o
                0x08003ed8                LCD_Clear
 .text.LCD_ShowChar
                0x08003f64      0x268 appbuild/lcd.o
                0x08003f64                LCD_ShowChar
 .text.LCD_ShowString
                0x080041cc       0x96 appbuild/lcd.o
                0x080041cc                LCD_ShowString
 *fill*         0x08004262        0x2 
 .text.LCD_Init
                0x08004264      0x1a4 appbuild/lcd.o
                0x08004264                LCD_Init
 .text.HardWare_Init
                0x08004408       0xa8 appbuild/main.o
                0x08004408                HardWare_Init
 .text.link_test
                0x080044b0       0x60 appbuild/main.o
 .text.main     0x08004510       0x38 appbuild/main.o
                0x08004510                main
 .text.SystemInit
                0x08004548       0x6c appbuild/system_stm32l4xx.o
                0x08004548                SystemInit
 .text.NMI_Handler
                0x080045b4        0xe appbuild/stm32l4xx_it.o
                0x080045b4                NMI_Handler
 .text.HardFault_Handler
                0x080045c2        0x6 appbuild/stm32l4xx_it.o
                0x080045c2                HardFault_Handler
 .text.MemManage_Handler
                0x080045c8        0x6 appbuild/stm32l4xx_it.o
                0x080045c8                MemManage_Handler
 .text.BusFault_Handler
                0x080045ce        0x6 appbuild/stm32l4xx_it.o
                0x080045ce                BusFault_Handler
 .text.UsageFault_Handler
                0x080045d4        0x6 appbuild/stm32l4xx_it.o
                0x080045d4                UsageFault_Handler
 .text.SVC_Handler
                0x080045da        0xe appbuild/stm32l4xx_it.o
                0x080045da                SVC_Handler
 .text.HAL_GetTick
                0x080045e8       0x10 appbuild/sys_init.o
                0x080045e8                HAL_GetTick
 .text._Error_Handler
                0x080045f8        0xc appbuild/sys_init.o
                0x080045f8                _Error_Handler
 .text.SystemClock_Config
                0x08004604      0x140 appbuild/sys_init.o
                0x08004604                SystemClock_Config
 .text.HAL_UART_MspInit
                0x08004744      0x17c appbuild/usart.o
                0x08004744                HAL_UART_MspInit
 .text.uart_debug_irq
                0x080048c0       0x64 appbuild/uart_debug.o
 .text.shell_uart_init
                0x08004924       0xb4 appbuild/uart_debug.o
                0x08004924                shell_uart_init
 .text._write   0x080049d8       0x38 appbuild/uart_debug.o
                0x080049d8                _write
 .text._read    0x08004a10       0x54 appbuild/uart_debug.o
                0x08004a10                _read
 .text.dwt_delay_init
                0x08004a64       0x40 appbuild/dwt.o
                0x08004a64                dwt_delay_init
 .text.delayus  0x08004aa4       0x78 appbuild/dwt.o
                0x08004aa4                delayus
 .text.delay10ms
                0x08004b1c       0x20 appbuild/dwt.o
                0x08004b1c                delay10ms
 .text.MX_I2C1_Init
                0x08004b3c       0x90 appbuild/i2c.o
                0x08004b3c                MX_I2C1_Init
 .text.HAL_I2C_MspInit
                0x08004bcc      0x114 appbuild/i2c.o
                0x08004bcc                HAL_I2C_MspInit
 .text.MX_SPI2_Init
                0x08004ce0       0x84 appbuild/spi.o
                0x08004ce0                MX_SPI2_Init
 .text.HAL_SPI_MspInit
                0x08004d64       0x84 appbuild/spi.o
                0x08004d64                HAL_SPI_MspInit
 .text.SPI2_WriteByte
                0x08004de8       0x28 appbuild/spi.o
                0x08004de8                SPI2_WriteByte
 .text.MX_GPIO_Init
                0x08004e10       0x94 appbuild/gpio.o
                0x08004e10                MX_GPIO_Init
 .text.string_to_arg
                0x08004ea4       0xb8 appbuild/link_string.o
                0x08004ea4                string_to_arg
 .text.ring_buffer_init
                0x08004f5c       0x48 appbuild/link_ring_buffer.o
                0x08004f5c                ring_buffer_init
 .text.ring_buffer_write
                0x08004fa4      0x162 appbuild/link_ring_buffer.o
                0x08004fa4                ring_buffer_write
 .text.ring_buffer_read
                0x08005106      0x104 appbuild/link_ring_buffer.o
                0x08005106                ring_buffer_read
 *fill*         0x0800520a        0x2 
 .text.osal_install
                0x0800520c       0x34 appbuild/osal.o
                0x0800520c                osal_install
 .text.osal_task_create
                0x08005240       0x5c appbuild/osal.o
                0x08005240                osal_task_create
 .text.osal_task_sleep
                0x0800529c       0x40 appbuild/osal.o
                0x0800529c                osal_task_sleep
 .text.osal_malloc
                0x080052dc       0x48 appbuild/osal.o
                0x080052dc                osal_malloc
 .text.osal_free
                0x08005324       0x40 appbuild/osal.o
                0x08005324                osal_free
 .text.osal_realloc
                0x08005364       0x4c appbuild/osal.o
                0x08005364                osal_realloc
 .text.osal_calloc
                0x080053b0       0x3c appbuild/osal.o
                0x080053b0                osal_calloc
 .text.osal_reboot
                0x080053ec       0x44 appbuild/osal.o
                0x080053ec                osal_reboot
 .text.osal_init
                0x08005430       0x1c appbuild/osal.o
                0x08005430                osal_init
 .text.LOS_StartToRun
                0x0800544c       0x68 appbuild/los_dispatch.o
                0x0800544c                LOS_StartToRun
 .text.LOS_IntLock
                0x080054b4        0xc appbuild/los_dispatch.o
                0x080054b4                LOS_IntLock
 .text.LOS_IntRestore
                0x080054c0        0x8 appbuild/los_dispatch.o
                0x080054c0                LOS_IntRestore
 .text.osTaskSchedule
                0x080054c8       0x10 appbuild/los_dispatch.o
                0x080054c8                osTaskSchedule
 .text.PendSV_Handler
                0x080054d8       0x74 appbuild/los_dispatch.o
                0x080054d8                PendSV_Handler
 .text.__NVIC_SetPriority
                0x0800554c       0x54 appbuild/los_hw_tick.o
 .text.SysTick_Config
                0x080055a0       0x44 appbuild/los_hw_tick.o
 .text.osTickStart
                0x080055e4       0x9c appbuild/los_hw_tick.o
                0x080055e4                osTickStart
 .text.__NVIC_SetPriorityGrouping
                0x08005680       0x48 appbuild/los_hwi.o
 .text.__NVIC_EnableIRQ
                0x080056c8       0x3c appbuild/los_hwi.o
 .text.__NVIC_SetPriority
                0x08005704       0x54 appbuild/los_hwi.o
 .text.osIntNumGet
                0x08005758       0x1a appbuild/los_hwi.o
                0x08005758                osIntNumGet
 *fill*         0x08005772        0x2 
 .text.osHwiDefaultHandler
                0x08005774       0x28 appbuild/los_hwi.o
                0x08005774                osHwiDefaultHandler
 .text.Debug_Handler
                0x0800579c        0xc appbuild/los_hwi.o
                0x0800579c                Debug_Handler
 .text.osInterrupt
                0x080057a8       0x6c appbuild/los_hwi.o
                0x080057a8                osInterrupt
 .text.osHwiInit
                0x08005814       0x1c appbuild/los_hwi.o
                0x08005814                osHwiInit
 .text.LOS_HwiCreate
                0x08005830       0x84 appbuild/los_hwi.o
                0x08005830                LOS_HwiCreate
 .text.osSchedule
                0x080058b4        0xc appbuild/los_hw.o
                0x080058b4                osSchedule
 .text.LOS_Schedule
                0x080058c0       0x4c appbuild/los_hw.o
                0x080058c0                LOS_Schedule
 .text.osTaskExit
                0x0800590c        0x8 appbuild/los_hw.o
                0x0800590c                osTaskExit
 .text.osTskStackInit
                0x08005914       0xdc appbuild/los_hw.o
                0x08005914                osTskStackInit
 .text.osTskStackAlloc
                0x080059f0       0x3c appbuild/los_hw.o
                0x080059f0                osTskStackAlloc
 .text.osKernelGetTickCount
                0x08005a2c       0x48 appbuild/cmsis_liteos.o
                0x08005a2c                osKernelGetTickCount
 .text._malloc_r
                0x08005a74       0x1a appbuild/newlib_stub.o
                0x08005a74                _malloc_r
 .text._realloc_r
                0x08005a8e       0x1e appbuild/newlib_stub.o
                0x08005a8e                _realloc_r
 .text._calloc_r
                0x08005aac       0x1e appbuild/newlib_stub.o
                0x08005aac                _calloc_r
 .text._free_r  0x08005aca       0x18 appbuild/newlib_stub.o
                0x08005aca                _free_r
 .text.__task_sleep
                0x08005ae2       0x18 appbuild/liteos_imp.o
 .text.__task_create
                0x08005afa       0x64 appbuild/liteos_imp.o
 .text.__task_kill
                0x08005b5e       0x32 appbuild/liteos_imp.o
 .text.__task_exit
                0x08005b90        0x6 appbuild/liteos_imp.o
 .text.__mutex_create
                0x08005b96       0x22 appbuild/liteos_imp.o
 .text.__mutex_lock
                0x08005bb8       0x28 appbuild/liteos_imp.o
 .text.__mutex_unlock
                0x08005be0       0x24 appbuild/liteos_imp.o
 .text.__mutex_del
                0x08005c04       0x24 appbuild/liteos_imp.o
 .text.__semp_create
                0x08005c28       0x30 appbuild/liteos_imp.o
 .text.__semp_pend
                0x08005c58       0x38 appbuild/liteos_imp.o
 .text.__semp_post
                0x08005c90       0x24 appbuild/liteos_imp.o
 .text.__semp_del
                0x08005cb4       0x24 appbuild/liteos_imp.o
 .text.__mem_malloc
                0x08005cd8       0x3c appbuild/liteos_imp.o
 .text.__mem_free
                0x08005d14       0x20 appbuild/liteos_imp.o
 .text.__get_sys_time
                0x08005d34       0x12 appbuild/liteos_imp.o
 .text.liteos_reboot
                0x08005d46        0x6 appbuild/liteos_imp.o
                0x08005d46                liteos_reboot
 .text.__int_connect
                0x08005d4c       0x2c appbuild/liteos_imp.o
 .text.os_imp_init
                0x08005d78       0x24 appbuild/liteos_imp.o
                0x08005d78                os_imp_init
 .text.free     0x08005d9c       0x16 appbuild/malloc.o
                0x08005d9c                free
 .text.malloc   0x08005db2       0x18 appbuild/malloc.o
                0x08005db2                malloc
 .text.calloc   0x08005dca       0x1c appbuild/malloc.o
                0x08005dca                calloc
 .text.realloc  0x08005de6       0x1c appbuild/malloc.o
                0x08005de6                realloc
 *fill*         0x08005e02        0x2 
 .text.osRegister
                0x08005e04       0x18 appbuild/los_init.o
 .text.LOS_Start
                0x08005e1c       0x38 appbuild/los_init.o
                0x08005e1c                LOS_Start
 .text.LOS_KernelInit
                0x08005e54       0xd8 appbuild/los_init.o
                0x08005e54                LOS_KernelInit
 .text.LOS_TickCountGet
                0x08005f2c       0x18 appbuild/los_sys.o
                0x08005f2c                LOS_TickCountGet
 .text.LOS_ListInit
                0x08005f44       0x20 appbuild/los_priqueue.o
 .text.LOS_ListAdd
                0x08005f64       0x32 appbuild/los_priqueue.o
 .text.LOS_ListTailInsert
                0x08005f96       0x1e appbuild/los_priqueue.o
 .text.LOS_ListDelete
                0x08005fb4       0x34 appbuild/los_priqueue.o
 .text.LOS_ListEmpty
                0x08005fe8       0x24 appbuild/los_priqueue.o
 .text.osPriqueueInit
                0x0800600c       0x64 appbuild/los_priqueue.o
                0x0800600c                osPriqueueInit
 .text.osPriqueueEnqueue
                0x08006070       0x54 appbuild/los_priqueue.o
                0x08006070                osPriqueueEnqueue
 .text.osPriqueueDequeue
                0x080060c4       0x54 appbuild/los_priqueue.o
                0x080060c4                osPriqueueDequeue
 .text.osPriqueueTop
                0x08006118       0x40 appbuild/los_priqueue.o
                0x08006118                osPriqueueTop
 .text.osPriqueueSize
                0x08006158       0x50 appbuild/los_priqueue.o
                0x08006158                osPriqueueSize
 .text.osTimesliceInit
                0x080061a8       0x20 appbuild/los_timeslice.o
                0x080061a8                osTimesliceInit
 .text.osTimesliceCheck
                0x080061c8       0x5c appbuild/los_timeslice.o
                0x080061c8                osTimesliceCheck
 .text.LOS_ListInit
                0x08006224       0x20 appbuild/los_task.o
 .text.LOS_ListAdd
                0x08006244       0x32 appbuild/los_task.o
 .text.LOS_ListTailInsert
                0x08006276       0x1e appbuild/los_task.o
 .text.LOS_ListDelete
                0x08006294       0x34 appbuild/los_task.o
 .text.LOS_ListEmpty
                0x080062c8       0x24 appbuild/los_task.o
 .text.osIdleTask
                0x080062ec        0x6 appbuild/los_task.o
                0x080062ec                osIdleTask
 .text.osTaskPriModify
                0x080062f2       0x66 appbuild/los_task.o
                0x080062f2                osTaskPriModify
 .text.osTaskAdd2TimerList
                0x08006358      0x110 appbuild/los_task.o
                0x08006358                osTaskAdd2TimerList
 .text.osTimerListDelete
                0x08006468       0x64 appbuild/los_task.o
                0x08006468                osTimerListDelete
 .text.osTaskScan
                0x080064cc      0x14c appbuild/los_task.o
                0x080064cc                osTaskScan
 .text.osConvertTskStatus
                0x08006618       0xbc appbuild/los_task.o
                0x08006618                osConvertTskStatus
 .text.osGetTaskWaterLine
                0x080066d4       0x88 appbuild/los_task.o
                0x080066d4                osGetTaskWaterLine
 .text.osGetAllTskInfo
                0x0800675c       0xfc appbuild/los_task.o
                0x0800675c                osGetAllTskInfo
 .text.osTaskInit
                0x08006858      0x130 appbuild/los_task.o
                0x08006858                osTaskInit
 .text.osIdleTaskCreate
                0x08006988       0x50 appbuild/los_task.o
                0x08006988                osIdleTaskCreate
 .text.LOS_CurTaskIDGet
                0x080069d8       0x28 appbuild/los_task.o
                0x080069d8                LOS_CurTaskIDGet
 .text.osTaskSwitchCheck
                0x08006a00      0x128 appbuild/los_task.o
                0x08006a00                osTaskSwitchCheck
 .text.osTaskMonInit
                0x08006b28       0x38 appbuild/los_task.o
                0x08006b28                osTaskMonInit
 .text.osTaskEntry
                0x08006b60       0x3c appbuild/los_task.o
                0x08006b60                osTaskEntry
 .text.LOS_TaskCreateOnly
                0x08006b9c      0x1d8 appbuild/los_task.o
                0x08006b9c                LOS_TaskCreateOnly
 .text.LOS_TaskCreate
                0x08006d74       0xec appbuild/los_task.o
                0x08006d74                LOS_TaskCreate
 .text.LOS_TaskDelete
                0x08006e60      0x200 appbuild/los_task.o
                0x08006e60                LOS_TaskDelete
 .text.LOS_TaskDelay
                0x08007060       0x98 appbuild/los_task.o
                0x08007060                LOS_TaskDelay
 .text.osTaskWait
                0x080070f8       0x74 appbuild/los_task.o
                0x080070f8                osTaskWait
 .text.osTaskWake
                0x0800716c       0x7c appbuild/los_task.o
                0x0800716c                osTaskWake
 .text.LOS_TaskYield
                0x080071e8       0xac appbuild/los_task.o
                0x080071e8                LOS_TaskYield
 .text.osTickHandler
                0x08007294       0x48 appbuild/los_tick.o
                0x08007294                osTickHandler
 .text.osSwTmrTask
                0x080072dc       0x64 appbuild/los_swtmr.o
                0x080072dc                osSwTmrTask
 .text.osSwTmrTaskCreate
                0x08007340       0x48 appbuild/los_swtmr.o
                0x08007340                osSwTmrTaskCreate
 .text.osSwTmrInit
                0x08007388       0xdc appbuild/los_swtmr.o
                0x08007388                osSwTmrInit
 .text.osSwTmrStart
                0x08007464      0x2b4 appbuild/los_swtmr.o
                0x08007464                osSwTmrStart
 .text.osSwtmrDelete
                0x08007718       0x40 appbuild/los_swtmr.o
 .text.osSwTmrTimeoutHandle
                0x08007758       0xac appbuild/los_swtmr.o
 .text.osSwtmrScan
                0x08007804       0x2c appbuild/los_swtmr.o
                0x08007804                osSwtmrScan
 .text.LOS_ListInit
                0x08007830       0x20 appbuild/los_queue.o
 .text.LOS_ListAdd
                0x08007850       0x32 appbuild/los_queue.o
 .text.LOS_ListTailInsert
                0x08007882       0x1e appbuild/los_queue.o
 .text.LOS_ListDelete
                0x080078a0       0x34 appbuild/los_queue.o
 .text.LOS_ListEmpty
                0x080078d4       0x24 appbuild/los_queue.o
 .text.osQueueInit
                0x080078f8       0x8c appbuild/los_queue.o
                0x080078f8                osQueueInit
 .text.LOS_QueueCreate
                0x08007984      0x11c appbuild/los_queue.o
                0x08007984                LOS_QueueCreate
 .text.osQueueReadParameterCheck
                0x08007aa0       0x64 appbuild/los_queue.o
 .text.osQueueWriteParameterCheck
                0x08007b04       0x5c appbuild/los_queue.o
 .text.osQueueBufferOperate
                0x08007b60      0x148 appbuild/los_queue.o
 .text.osQueueOperate
                0x08007ca8      0x1d0 appbuild/los_queue.o
                0x08007ca8                osQueueOperate
 .text.LOS_QueueReadCopy
                0x08007e78       0x44 appbuild/los_queue.o
                0x08007e78                LOS_QueueReadCopy
 .text.LOS_QueueWriteCopy
                0x08007ebc       0x46 appbuild/los_queue.o
                0x08007ebc                LOS_QueueWriteCopy
 .text.LOS_ListInit
                0x08007f02       0x20 appbuild/los_sem.o
 .text.LOS_ListAdd
                0x08007f22       0x32 appbuild/los_sem.o
 .text.LOS_ListTailInsert
                0x08007f54       0x1e appbuild/los_sem.o
 .text.LOS_ListDelete
                0x08007f72       0x34 appbuild/los_sem.o
 .text.LOS_ListEmpty
                0x08007fa6       0x24 appbuild/los_sem.o
 *fill*         0x08007fca        0x2 
 .text.osSemInit
                0x08007fcc       0x7c appbuild/los_sem.o
                0x08007fcc                osSemInit
 .text.osSemCreate
                0x08008048       0xc4 appbuild/los_sem.o
                0x08008048                osSemCreate
 .text.LOS_SemDelete
                0x0800810c       0xc4 appbuild/los_sem.o
                0x0800810c                LOS_SemDelete
 .text.LOS_SemPend
                0x080081d0      0x15c appbuild/los_sem.o
                0x080081d0                LOS_SemPend
 .text.LOS_SemPost
                0x0800832c       0xd0 appbuild/los_sem.o
                0x0800832c                LOS_SemPost
 .text.LOS_ListInit
                0x080083fc       0x20 appbuild/los_mux.o
 .text.LOS_ListAdd
                0x0800841c       0x32 appbuild/los_mux.o
 .text.LOS_ListTailInsert
                0x0800844e       0x1e appbuild/los_mux.o
 .text.LOS_ListDelete
                0x0800846c       0x34 appbuild/los_mux.o
 .text.LOS_ListEmpty
                0x080084a0       0x24 appbuild/los_mux.o
 .text.osMuxInit
                0x080084c4       0x70 appbuild/los_mux.o
                0x080084c4                osMuxInit
 .text.LOS_MuxCreate
                0x08008534       0xb8 appbuild/los_mux.o
                0x08008534                LOS_MuxCreate
 .text.LOS_MuxDelete
                0x080085ec       0xc0 appbuild/los_mux.o
                0x080085ec                LOS_MuxDelete
 .text.LOS_MuxPend
                0x080086ac      0x1ac appbuild/los_mux.o
                0x080086ac                LOS_MuxPend
 .text.LOS_MuxPost
                0x08008858      0x120 appbuild/los_mux.o
                0x08008858                LOS_MuxPost
 .text.LOS_MemInit
                0x08008978       0x6a appbuild/los_memory.o
                0x08008978                LOS_MemInit
 *fill*         0x080089e2        0x2 
 .text.osMemSystemInit
                0x080089e4       0x78 appbuild/los_memory.o
                0x080089e4                osMemSystemInit
 .text.osHeapAllocAlign
                0x08008a5c       0x20 appbuild/los_memory.o
                0x08008a5c                osHeapAllocAlign
 .text.osHeapAlloc
                0x08008a7c       0x1c appbuild/los_memory.o
                0x08008a7c                osHeapAlloc
 .text.osHeapFree
                0x08008a98       0x26 appbuild/los_memory.o
                0x08008a98                osHeapFree
 .text.LOS_MemAlloc
                0x08008abe       0x46 appbuild/los_memory.o
                0x08008abe                LOS_MemAlloc
 .text.LOS_MemAllocAlign
                0x08008b04       0x20 appbuild/los_memory.o
                0x08008b04                LOS_MemAllocAlign
 .text.LOS_MemFree
                0x08008b24       0x4c appbuild/los_memory.o
                0x08008b24                LOS_MemFree
 .text.osSlabCtrlHdrGet
                0x08008b70       0x1a appbuild/los_memory.o
                0x08008b70                osSlabCtrlHdrGet
 *fill*         0x08008b8a        0x2 
 .text.LOS_MemInfo
                0x08008b8c       0x3c appbuild/los_memory.o
                0x08008b8c                LOS_MemInfo
 .text.dlist_init
                0x08008bc8       0x22 appbuild/los_heap.o
 .text.__dlist_add_at
                0x08008bea       0x30 appbuild/los_heap.o
 .text.dlist_add_tail
                0x08008c1a       0x20 appbuild/los_heap.o
 .text.dlist_del
                0x08008c3a       0x28 appbuild/los_heap.o
 .text.dlist_empty
                0x08008c62       0x24 appbuild/los_heap.o
 .text.__is_free
                0x08008c86       0x26 appbuild/los_heap.o
 .text.__set_chunk_allocated
                0x08008cac       0x20 appbuild/los_heap.o
 .text.__set_chunk_free
                0x08008ccc       0x20 appbuild/los_heap.o
 .text.__get_next_chunk
                0x08008cec       0x20 appbuild/los_heap.o
 .text.__get_prev_chunk
                0x08008d0c       0x18 appbuild/los_heap.o
 .text.__get_mem_block
                0x08008d24       0x18 appbuild/los_heap.o
 .text.__get_ach_from_mem
                0x08008d3c       0x2e appbuild/los_heap.o
 .text.__set_ach_to_mem
                0x08008d6a       0x1e appbuild/los_heap.o
 .text.__cm_init
                0x08008d88       0x16 appbuild/los_heap.o
 .text.__get_fl_idx
                0x08008d9e       0x1e appbuild/los_heap.o
 .text.__get_sl_idx
                0x08008dbc       0x22 appbuild/los_heap.o
 .text.__cm_put_chunk
                0x08008dde       0xcc appbuild/los_heap.o
 .text.__cm_del_chunk
                0x08008eaa       0xdc appbuild/los_heap.o
 .text.__cm_get_chunk
                0x08008f86       0xce appbuild/los_heap.o
 .text.__get_max_free
                0x08009054       0xb6 appbuild/los_heap.o
 .text.__stat_chunk_add
                0x0800910a       0x32 appbuild/los_heap.o
 .text.__stat_chunk_del
                0x0800913c       0x32 appbuild/los_heap.o
 .text.__stat_chunk_alloc
                0x0800916e       0x74 appbuild/los_heap.o
 .text.__stat_chunk_free
                0x080091e2       0x60 appbuild/los_heap.o
 .text.__put_chunk
                0x08009242       0x38 appbuild/los_heap.o
 .text.__del_chunk
                0x0800927a       0x2a appbuild/los_heap.o
 .text.__get_chunk
                0x080092a4       0x2e appbuild/los_heap.o
 .text.heap_init
                0x080092d2       0x4a appbuild/los_heap.o
                0x080092d2                heap_init
 .text.heap_add
                0x0800931c      0x10a appbuild/los_heap.o
                0x0800931c                heap_add
 .text.__carve_extra
                0x08009426       0xf6 appbuild/los_heap.o
 .text.heap_alloc_align
                0x0800951c       0xac appbuild/los_heap.o
                0x0800951c                heap_alloc_align
 .text.heap_alloc
                0x080095c8       0x1e appbuild/los_heap.o
                0x080095c8                heap_alloc
 .text.heap_free
                0x080095e6       0xdc appbuild/los_heap.o
                0x080095e6                heap_free
 *fill*         0x080096c2        0x2 
 .text.__dump_block
                0x080096c4       0x74 appbuild/los_heap.o
 .text.__dump_heap
                0x08009738      0x140 appbuild/los_heap.o
                0x08009738                __dump_heap
 .text.osAtomicBitsetGetNumBits
                0x08009878       0x18 appbuild/los_slab.o
                0x08009878                osAtomicBitsetGetNumBits
 .text.osAtomicBitsetGetBit
                0x08009890       0x48 appbuild/los_slab.o
                0x08009890                osAtomicBitsetGetBit
 .text.osAtomicBitsetClearBit
                0x080098d8       0x48 appbuild/los_slab.o
                0x080098d8                osAtomicBitsetClearBit
 .text.osAtomicBitsetFindClearAndSet
                0x08009920       0x8e appbuild/los_slab.o
                0x08009920                osAtomicBitsetFindClearAndSet
 .text.osSlabAllocatorAlloc
                0x080099ae       0x36 appbuild/los_slab.o
                0x080099ae                osSlabAllocatorAlloc
 .text.osSlabAllocatorFree
                0x080099e4       0x76 appbuild/los_slab.o
                0x080099e4                osSlabAllocatorFree
 .text.osSlabBlockHeadFill
                0x08009a5a       0x30 appbuild/los_slabmem.o
                0x08009a5a                osSlabBlockHeadFill
 .text.osSlabMemAlloc
                0x08009a8a       0xee appbuild/los_slabmem.o
                0x08009a8a                osSlabMemAlloc
 .text.osSlabMemFree
                0x08009b78       0xaa appbuild/los_slabmem.o
                0x08009b78                osSlabMemFree
 .text.LOS_Align
                0x08009c22       0x3c appbuild/los_misc.o
                0x08009c22                LOS_Align
 *fill*         0x08009c5e        0x2 
 .text.LOS_ErrHandle
                0x08009c60       0x48 appbuild/los_err.o
                0x08009c60                LOS_ErrHandle
 .text.shell_cmd_help
                0x08009ca8       0xf8 appbuild/shell_cmd.o
 .text.shell_cmd_match
                0x08009da0       0x9c appbuild/shell_cmd.o
 .text.shell_cmd_index
                0x08009e3c       0xec appbuild/shell_cmd.o
                0x08009e3c                shell_cmd_index
 .text.shell_cmd_execute
                0x08009f28      0x104 appbuild/shell_cmd.o
                0x08009f28                shell_cmd_execute
 .text.shell_cmd_init
                0x0800a02c       0x4c appbuild/shell_cmd.o
                0x0800a02c                shell_cmd_init
 .text.os_shell_version
                0x0800a078       0x24 appbuild/shell_cmd.o
 .text.shell_get_char
                0x0800a09c        0xe appbuild/shell_main.o
 *fill*         0x0800a0aa        0x2 
 .text.shell_put_char
                0x0800a0ac       0x28 appbuild/shell_main.o
 .text.shell_put_string
                0x0800a0d4       0x3e appbuild/shell_main.o
 *fill*         0x0800a112        0x2 
 .text.shell_put_index
                0x0800a114       0x14 appbuild/shell_main.o
 .text.shell_put_backspace
                0x0800a128       0x38 appbuild/shell_main.o
 .text.shell_put_space
                0x0800a160       0x2e appbuild/shell_main.o
 .text.shell_moves_cursor_right
                0x0800a18e       0x52 appbuild/shell_main.o
 .text.shell_bell
                0x0800a1e0        0xe appbuild/shell_main.o
 .text.shell_moves_cursor_left
                0x0800a1ee       0x2e appbuild/shell_main.o
 .text.shell_cachecmd
                0x0800a21c       0x9e appbuild/shell_main.o
 .text.shell_insert_string
                0x0800a2ba       0xb6 appbuild/shell_main.o
 .text.shell_server_entry
                0x0800a370      0x5f8 appbuild/shell_main.o
 .text.shell_init
                0x0800a968       0x30 appbuild/shell_main.o
                0x0800a968                shell_init
 .text.shell_taskinfo
                0x0800a998       0x18 appbuild/shell_test.o
 .text.shell_heapinfo
                0x0800a9b0       0x1c appbuild/shell_test.o
 .text.shell_reboot
                0x0800a9cc       0x24 appbuild/shell_test.o
 .text.linkmain_version
                0x0800a9f0       0x3c appbuild/link_main.o
                0x0800a9f0                linkmain_version
 .text.link_main
                0x0800aa2c       0x48 appbuild/link_main.o
                0x0800aa2c                link_main
 .text.app_hello_world_entry
                0x0800aa74       0x18 appbuild/hello_world_demo.o
 .text.task2    0x0800aa8c       0x18 appbuild/hello_world_demo.o
 .text.led_task
                0x0800aaa4       0x64 appbuild/hello_world_demo.o
 .text.standard_app_demo_main
                0x0800ab08       0x94 appbuild/hello_world_demo.o
                0x0800ab08                standard_app_demo_main
 .text.__sflush_r
                0x0800ab9c      0x10c c:/users/sam.kinuthia/opensourcetools/gnu tools arm embedded/7 2018-q2-update/bin/../lib/gcc/arm-none-eabi/7.3.1/../../../../arm-none-eabi/lib/thumb/v7e-m/fpv4-sp/hard\libc_nano.a(lib_a-fflush.o)
                0x0800ab9c                __sflush_r
 .text._fflush_r
                0x0800aca8       0x54 c:/users/sam.kinuthia/opensourcetools/gnu tools arm embedded/7 2018-q2-update/bin/../lib/gcc/arm-none-eabi/7.3.1/../../../../arm-none-eabi/lib/thumb/v7e-m/fpv4-sp/hard\libc_nano.a(lib_a-fflush.o)
                0x0800aca8                _fflush_r
 .text.fflush   0x0800acfc       0x24 c:/users/sam.kinuthia/opensourcetools/gnu tools arm embedded/7 2018-q2-update/bin/../lib/gcc/arm-none-eabi/7.3.1/../../../../arm-none-eabi/lib/thumb/v7e-m/fpv4-sp/hard\libc_nano.a(lib_a-fflush.o)
                0x0800acfc                fflush
 .text.std      0x0800ad20       0x48 c:/users/sam.kinuthia/opensourcetools/gnu tools arm embedded/7 2018-q2-update/bin/../lib/gcc/arm-none-eabi/7.3.1/../../../../arm-none-eabi/lib/thumb/v7e-m/fpv4-sp/hard\libc_nano.a(lib_a-findfp.o)
 .text._cleanup_r
                0x0800ad68        0xc c:/users/sam.kinuthia/opensourcetools/gnu tools arm embedded/7 2018-q2-update/bin/../lib/gcc/arm-none-eabi/7.3.1/../../../../arm-none-eabi/lib/thumb/v7e-m/fpv4-sp/hard\libc_nano.a(lib_a-findfp.o)
                0x0800ad68                _cleanup_r
 .text.__sfmoreglue
                0x0800ad74       0x2c c:/users/sam.kinuthia/opensourcetools/gnu tools arm embedded/7 2018-q2-update/bin/../lib/gcc/arm-none-eabi/7.3.1/../../../../arm-none-eabi/lib/thumb/v7e-m/fpv4-sp/hard\libc_nano.a(lib_a-findfp.o)
                0x0800ad74                __sfmoreglue
 .text.__sinit  0x0800ada0       0x60 c:/users/sam.kinuthia/opensourcetools/gnu tools arm embedded/7 2018-q2-update/bin/../lib/gcc/arm-none-eabi/7.3.1/../../../../arm-none-eabi/lib/thumb/v7e-m/fpv4-sp/hard\libc_nano.a(lib_a-findfp.o)
                0x0800ada0                __sinit
 .text.__sfp    0x0800ae00       0x78 c:/users/sam.kinuthia/opensourcetools/gnu tools arm embedded/7 2018-q2-update/bin/../lib/gcc/arm-none-eabi/7.3.1/../../../../arm-none-eabi/lib/thumb/v7e-m/fpv4-sp/hard\libc_nano.a(lib_a-findfp.o)
                0x0800ae00                __sfp
 .text._fwalk   0x0800ae78       0x38 c:/users/sam.kinuthia/opensourcetools/gnu tools arm embedded/7 2018-q2-update/bin/../lib/gcc/arm-none-eabi/7.3.1/../../../../arm-none-eabi/lib/thumb/v7e-m/fpv4-sp/hard\libc_nano.a(lib_a-fwalk.o)
                0x0800ae78                _fwalk
 .text._fwalk_reent
                0x0800aeb0       0x3c c:/users/sam.kinuthia/opensourcetools/gnu tools arm embedded/7 2018-q2-update/bin/../lib/gcc/arm-none-eabi/7.3.1/../../../../arm-none-eabi/lib/thumb/v7e-m/fpv4-sp/hard\libc_nano.a(lib_a-fwalk.o)
                0x0800aeb0                _fwalk_reent
 .text.getchar  0x0800aeec       0x24 c:/users/sam.kinuthia/opensourcetools/gnu tools arm embedded/7 2018-q2-update/bin/../lib/gcc/arm-none-eabi/7.3.1/../../../../arm-none-eabi/lib/thumb/v7e-m/fpv4-sp/hard\libc_nano.a(lib_a-getchar.o)
                0x0800aeec                getchar
 .text.__libc_init_array
                0x0800af10       0x48 c:/users/sam.kinuthia/opensourcetools/gnu tools arm embedded/7 2018-q2-update/bin/../lib/gcc/arm-none-eabi/7.3.1/../../../../arm-none-eabi/lib/thumb/v7e-m/fpv4-sp/hard\libc_nano.a(lib_a-init.o)
                0x0800af10                __libc_init_array
 .text.memcpy   0x0800af58       0x16 c:/users/sam.kinuthia/opensourcetools/gnu tools arm embedded/7 2018-q2-update/bin/../lib/gcc/arm-none-eabi/7.3.1/../../../../arm-none-eabi/lib/thumb/v7e-m/fpv4-sp/hard\libc_nano.a(lib_a-memcpy-stub.o)
                0x0800af58                memcpy
 .text.memset   0x0800af6e       0x10 c:/users/sam.kinuthia/opensourcetools/gnu tools arm embedded/7 2018-q2-update/bin/../lib/gcc/arm-none-eabi/7.3.1/../../../../arm-none-eabi/lib/thumb/v7e-m/fpv4-sp/hard\libc_nano.a(lib_a-memset.o)
                0x0800af6e                memset
 .text.__cvt    0x0800af7e       0xc2 c:/users/sam.kinuthia/opensourcetools/gnu tools arm embedded/7 2018-q2-update/bin/../lib/gcc/arm-none-eabi/7.3.1/../../../../arm-none-eabi/lib/thumb/v7e-m/fpv4-sp/hard\libc_nano.a(lib_a-nano-vfprintf_float.o)
                0x0800af7e                __cvt
 .text.__exponent
                0x0800b040       0x66 c:/users/sam.kinuthia/opensourcetools/gnu tools arm embedded/7 2018-q2-update/bin/../lib/gcc/arm-none-eabi/7.3.1/../../../../arm-none-eabi/lib/thumb/v7e-m/fpv4-sp/hard\libc_nano.a(lib_a-nano-vfprintf_float.o)
                0x0800b040                __exponent
 *fill*         0x0800b0a6        0x2 
 .text._printf_float
                0x0800b0a8      0x480 c:/users/sam.kinuthia/opensourcetools/gnu tools arm embedded/7 2018-q2-update/bin/../lib/gcc/arm-none-eabi/7.3.1/../../../../arm-none-eabi/lib/thumb/v7e-m/fpv4-sp/hard\libc_nano.a(lib_a-nano-vfprintf_float.o)
                0x0800b0a8                _printf_float
 .text._printf_common
                0x0800b528       0xea c:/users/sam.kinuthia/opensourcetools/gnu tools arm embedded/7 2018-q2-update/bin/../lib/gcc/arm-none-eabi/7.3.1/../../../../arm-none-eabi/lib/thumb/v7e-m/fpv4-sp/hard\libc_nano.a(lib_a-nano-vfprintf_i.o)
                0x0800b528                _printf_common
 *fill*         0x0800b612        0x2 
 .text._printf_i
                0x0800b614      0x224 c:/users/sam.kinuthia/opensourcetools/gnu tools arm embedded/7 2018-q2-update/bin/../lib/gcc/arm-none-eabi/7.3.1/../../../../arm-none-eabi/lib/thumb/v7e-m/fpv4-sp/hard\libc_nano.a(lib_a-nano-vfprintf_i.o)
                0x0800b614                _printf_i
 .text.printf   0x0800b838       0x30 c:/users/sam.kinuthia/opensourcetools/gnu tools arm embedded/7 2018-q2-update/bin/../lib/gcc/arm-none-eabi/7.3.1/../../../../arm-none-eabi/lib/thumb/v7e-m/fpv4-sp/hard\libc_nano.a(lib_a-printf.o)
                0x0800b838                iprintf
                0x0800b838                printf
 .text.putchar  0x0800b868       0x28 c:/users/sam.kinuthia/opensourcetools/gnu tools arm embedded/7 2018-q2-update/bin/../lib/gcc/arm-none-eabi/7.3.1/../../../../arm-none-eabi/lib/thumb/v7e-m/fpv4-sp/hard\libc_nano.a(lib_a-putchar.o)
                0x0800b868                putchar
 .text._puts_r  0x0800b890       0xb8 c:/users/sam.kinuthia/opensourcetools/gnu tools arm embedded/7 2018-q2-update/bin/../lib/gcc/arm-none-eabi/7.3.1/../../../../arm-none-eabi/lib/thumb/v7e-m/fpv4-sp/hard\libc_nano.a(lib_a-puts.o)
                0x0800b890                _puts_r
 .text.puts     0x0800b948       0x10 c:/users/sam.kinuthia/opensourcetools/gnu tools arm embedded/7 2018-q2-update/bin/../lib/gcc/arm-none-eabi/7.3.1/../../../../arm-none-eabi/lib/thumb/v7e-m/fpv4-sp/hard\libc_nano.a(lib_a-puts.o)
                0x0800b948                puts
 .text.snprintf
                0x0800b958       0x68 c:/users/sam.kinuthia/opensourcetools/gnu tools arm embedded/7 2018-q2-update/bin/../lib/gcc/arm-none-eabi/7.3.1/../../../../arm-none-eabi/lib/thumb/v7e-m/fpv4-sp/hard\libc_nano.a(lib_a-snprintf.o)
                0x0800b958                sniprintf
                0x0800b958                snprintf
 .text.__sread  0x0800b9c0       0x22 c:/users/sam.kinuthia/opensourcetools/gnu tools arm embedded/7 2018-q2-update/bin/../lib/gcc/arm-none-eabi/7.3.1/../../../../arm-none-eabi/lib/thumb/v7e-m/fpv4-sp/hard\libc_nano.a(lib_a-stdio.o)
                0x0800b9c0                __sread
 .text.__swrite
                0x0800b9e2       0x38 c:/users/sam.kinuthia/opensourcetools/gnu tools arm embedded/7 2018-q2-update/bin/../lib/gcc/arm-none-eabi/7.3.1/../../../../arm-none-eabi/lib/thumb/v7e-m/fpv4-sp/hard\libc_nano.a(lib_a-stdio.o)
                0x0800b9e2                __swrite
 .text.__sseek  0x0800ba1a       0x24 c:/users/sam.kinuthia/opensourcetools/gnu tools arm embedded/7 2018-q2-update/bin/../lib/gcc/arm-none-eabi/7.3.1/../../../../arm-none-eabi/lib/thumb/v7e-m/fpv4-sp/hard\libc_nano.a(lib_a-stdio.o)
                0x0800ba1a                __sseek
 .text.__sclose
                0x0800ba3e        0x8 c:/users/sam.kinuthia/opensourcetools/gnu tools arm embedded/7 2018-q2-update/bin/../lib/gcc/arm-none-eabi/7.3.1/../../../../arm-none-eabi/lib/thumb/v7e-m/fpv4-sp/hard\libc_nano.a(lib_a-stdio.o)
                0x0800ba3e                __sclose
 .text.strcpy   0x0800ba46       0x10 c:/users/sam.kinuthia/opensourcetools/gnu tools arm embedded/7 2018-q2-update/bin/../lib/gcc/arm-none-eabi/7.3.1/../../../../arm-none-eabi/lib/thumb/v7e-m/fpv4-sp/hard\libc_nano.a(lib_a-strcpy.o)
                0x0800ba46                strcpy
 .text.strncmp  0x0800ba56       0x24 c:/users/sam.kinuthia/opensourcetools/gnu tools arm embedded/7 2018-q2-update/bin/../lib/gcc/arm-none-eabi/7.3.1/../../../../arm-none-eabi/lib/thumb/v7e-m/fpv4-sp/hard\libc_nano.a(lib_a-strncmp.o)
                0x0800ba56                strncmp
 .text.strncpy  0x0800ba7a       0x2a c:/users/sam.kinuthia/opensourcetools/gnu tools arm embedded/7 2018-q2-update/bin/../lib/gcc/arm-none-eabi/7.3.1/../../../../arm-none-eabi/lib/thumb/v7e-m/fpv4-sp/hard\libc_nano.a(lib_a-strncpy.o)
                0x0800ba7a                strncpy
 .text._strtol_l.isra.0
                0x0800baa4       0xf6 c:/users/sam.kinuthia/opensourcetools/gnu tools arm embedded/7 2018-q2-update/bin/../lib/gcc/arm-none-eabi/7.3.1/../../../../arm-none-eabi/lib/thumb/v7e-m/fpv4-sp/hard\libc_nano.a(lib_a-strtol.o)
 *fill*         0x0800bb9a        0x2 
 .text.strtol   0x0800bb9c       0x2c c:/users/sam.kinuthia/opensourcetools/gnu tools arm embedded/7 2018-q2-update/bin/../lib/gcc/arm-none-eabi/7.3.1/../../../../arm-none-eabi/lib/thumb/v7e-m/fpv4-sp/hard\libc_nano.a(lib_a-strtol.o)
                0x0800bb9c                strtol
 .text.__swbuf_r
                0x0800bbc8       0xa4 c:/users/sam.kinuthia/opensourcetools/gnu tools arm embedded/7 2018-q2-update/bin/../lib/gcc/arm-none-eabi/7.3.1/../../../../arm-none-eabi/lib/thumb/v7e-m/fpv4-sp/hard\libc_nano.a(lib_a-wbuf.o)
                0x0800bbc8                __swbuf_r
 .text._write_r
                0x0800bc6c       0x24 c:/users/sam.kinuthia/opensourcetools/gnu tools arm embedded/7 2018-q2-update/bin/../lib/gcc/arm-none-eabi/7.3.1/../../../../arm-none-eabi/lib/thumb/v7e-m/fpv4-sp/hard\libc_nano.a(lib_a-writer.o)
                0x0800bc6c                _write_r
 .text.__swsetup_r
                0x0800bc90       0xdc c:/users/sam.kinuthia/opensourcetools/gnu tools arm embedded/7 2018-q2-update/bin/../lib/gcc/arm-none-eabi/7.3.1/../../../../arm-none-eabi/lib/thumb/v7e-m/fpv4-sp/hard\libc_nano.a(lib_a-wsetup.o)
                0x0800bc90                __swsetup_r
 .text._close_r
                0x0800bd6c       0x20 c:/users/sam.kinuthia/opensourcetools/gnu tools arm embedded/7 2018-q2-update/bin/../lib/gcc/arm-none-eabi/7.3.1/../../../../arm-none-eabi/lib/thumb/v7e-m/fpv4-sp/hard\libc_nano.a(lib_a-closer.o)
                0x0800bd6c                _close_r
 .text.quorem   0x0800bd8c      0x118 c:/users/sam.kinuthia/opensourcetools/gnu tools arm embedded/7 2018-q2-update/bin/../lib/gcc/arm-none-eabi/7.3.1/../../../../arm-none-eabi/lib/thumb/v7e-m/fpv4-sp/hard\libc_nano.a(lib_a-dtoa.o)
 *fill*         0x0800bea4        0x4 
 .text._dtoa_r  0x0800bea8      0xb70 c:/users/sam.kinuthia/opensourcetools/gnu tools arm embedded/7 2018-q2-update/bin/../lib/gcc/arm-none-eabi/7.3.1/../../../../arm-none-eabi/lib/thumb/v7e-m/fpv4-sp/hard\libc_nano.a(lib_a-dtoa.o)
                0x0800bea8                _dtoa_r
 .text._getc_r  0x0800ca18       0x58 c:/users/sam.kinuthia/opensourcetools/gnu tools arm embedded/7 2018-q2-update/bin/../lib/gcc/arm-none-eabi/7.3.1/../../../../arm-none-eabi/lib/thumb/v7e-m/fpv4-sp/hard\libc_nano.a(lib_a-getc.o)
                0x0800ca18                _getc_r
 .text.__locale_ctype_ptr_l
                0x0800ca70        0x6 c:/users/sam.kinuthia/opensourcetools/gnu tools arm embedded/7 2018-q2-update/bin/../lib/gcc/arm-none-eabi/7.3.1/../../../../arm-none-eabi/lib/thumb/v7e-m/fpv4-sp/hard\libc_nano.a(lib_a-locale.o)
                0x0800ca70                __locale_ctype_ptr_l
 *fill*         0x0800ca76        0x2 
 .text._localeconv_r
                0x0800ca78       0x1c c:/users/sam.kinuthia/opensourcetools/gnu tools arm embedded/7 2018-q2-update/bin/../lib/gcc/arm-none-eabi/7.3.1/../../../../arm-none-eabi/lib/thumb/v7e-m/fpv4-sp/hard\libc_nano.a(lib_a-localeconv.o)
                0x0800ca78                _localeconv_r
 .text._lseek_r
                0x0800ca94       0x24 c:/users/sam.kinuthia/opensourcetools/gnu tools arm embedded/7 2018-q2-update/bin/../lib/gcc/arm-none-eabi/7.3.1/../../../../arm-none-eabi/lib/thumb/v7e-m/fpv4-sp/hard\libc_nano.a(lib_a-lseekr.o)
                0x0800ca94                _lseek_r
 .text.__swhatbuf_r
                0x0800cab8       0x48 c:/users/sam.kinuthia/opensourcetools/gnu tools arm embedded/7 2018-q2-update/bin/../lib/gcc/arm-none-eabi/7.3.1/../../../../arm-none-eabi/lib/thumb/v7e-m/fpv4-sp/hard\libc_nano.a(lib_a-makebuf.o)
                0x0800cab8                __swhatbuf_r
 .text.__smakebuf_r
                0x0800cb00       0x80 c:/users/sam.kinuthia/opensourcetools/gnu tools arm embedded/7 2018-q2-update/bin/../lib/gcc/arm-none-eabi/7.3.1/../../../../arm-none-eabi/lib/thumb/v7e-m/fpv4-sp/hard\libc_nano.a(lib_a-makebuf.o)
                0x0800cb00                __smakebuf_r
 .text.__ascii_mbtowc
                0x0800cb80       0x24 c:/users/sam.kinuthia/opensourcetools/gnu tools arm embedded/7 2018-q2-update/bin/../lib/gcc/arm-none-eabi/7.3.1/../../../../arm-none-eabi/lib/thumb/v7e-m/fpv4-sp/hard\libc_nano.a(lib_a-mbtowc_r.o)
                0x0800cb80                __ascii_mbtowc
 .text._Balloc  0x0800cba4       0x68 c:/users/sam.kinuthia/opensourcetools/gnu tools arm embedded/7 2018-q2-update/bin/../lib/gcc/arm-none-eabi/7.3.1/../../../../arm-none-eabi/lib/thumb/v7e-m/fpv4-sp/hard\libc_nano.a(lib_a-mprec.o)
                0x0800cba4                _Balloc
 .text._Bfree   0x0800cc0c       0x2e c:/users/sam.kinuthia/opensourcetools/gnu tools arm embedded/7 2018-q2-update/bin/../lib/gcc/arm-none-eabi/7.3.1/../../../../arm-none-eabi/lib/thumb/v7e-m/fpv4-sp/hard\libc_nano.a(lib_a-mprec.o)
                0x0800cc0c                _Bfree
 .text.__multadd
                0x0800cc3a       0x76 c:/users/sam.kinuthia/opensourcetools/gnu tools arm embedded/7 2018-q2-update/bin/../lib/gcc/arm-none-eabi/7.3.1/../../../../arm-none-eabi/lib/thumb/v7e-m/fpv4-sp/hard\libc_nano.a(lib_a-mprec.o)
                0x0800cc3a                __multadd
 .text.__hi0bits
                0x0800ccb0       0x3e c:/users/sam.kinuthia/opensourcetools/gnu tools arm embedded/7 2018-q2-update/bin/../lib/gcc/arm-none-eabi/7.3.1/../../../../arm-none-eabi/lib/thumb/v7e-m/fpv4-sp/hard\libc_nano.a(lib_a-mprec.o)
                0x0800ccb0                __hi0bits
 .text.__lo0bits
                0x0800ccee       0x5e c:/users/sam.kinuthia/opensourcetools/gnu tools arm embedded/7 2018-q2-update/bin/../lib/gcc/arm-none-eabi/7.3.1/../../../../arm-none-eabi/lib/thumb/v7e-m/fpv4-sp/hard\libc_nano.a(lib_a-mprec.o)
                0x0800ccee                __lo0bits
 .text.__i2b    0x0800cd4c       0x12 c:/users/sam.kinuthia/opensourcetools/gnu tools arm embedded/7 2018-q2-update/bin/../lib/gcc/arm-none-eabi/7.3.1/../../../../arm-none-eabi/lib/thumb/v7e-m/fpv4-sp/hard\libc_nano.a(lib_a-mprec.o)
                0x0800cd4c                __i2b
 .text.__multiply
                0x0800cd5e      0x12c c:/users/sam.kinuthia/opensourcetools/gnu tools arm embedded/7 2018-q2-update/bin/../lib/gcc/arm-none-eabi/7.3.1/../../../../arm-none-eabi/lib/thumb/v7e-m/fpv4-sp/hard\libc_nano.a(lib_a-mprec.o)
                0x0800cd5e                __multiply
 *fill*         0x0800ce8a        0x2 
 .text.__pow5mult
                0x0800ce8c       0x9c c:/users/sam.kinuthia/opensourcetools/gnu tools arm embedded/7 2018-q2-update/bin/../lib/gcc/arm-none-eabi/7.3.1/../../../../arm-none-eabi/lib/thumb/v7e-m/fpv4-sp/hard\libc_nano.a(lib_a-mprec.o)
                0x0800ce8c                __pow5mult
 .text.__lshift
                0x0800cf28       0xa8 c:/users/sam.kinuthia/opensourcetools/gnu tools arm embedded/7 2018-q2-update/bin/../lib/gcc/arm-none-eabi/7.3.1/../../../../arm-none-eabi/lib/thumb/v7e-m/fpv4-sp/hard\libc_nano.a(lib_a-mprec.o)
                0x0800cf28                __lshift
 .text.__mcmp   0x0800cfd0       0x34 c:/users/sam.kinuthia/opensourcetools/gnu tools arm embedded/7 2018-q2-update/bin/../lib/gcc/arm-none-eabi/7.3.1/../../../../arm-none-eabi/lib/thumb/v7e-m/fpv4-sp/hard\libc_nano.a(lib_a-mprec.o)
                0x0800cfd0                __mcmp
 .text.__mdiff  0x0800d004       0xba c:/users/sam.kinuthia/opensourcetools/gnu tools arm embedded/7 2018-q2-update/bin/../lib/gcc/arm-none-eabi/7.3.1/../../../../arm-none-eabi/lib/thumb/v7e-m/fpv4-sp/hard\libc_nano.a(lib_a-mprec.o)
                0x0800d004                __mdiff
 .text.__d2b    0x0800d0be       0x9e c:/users/sam.kinuthia/opensourcetools/gnu tools arm embedded/7 2018-q2-update/bin/../lib/gcc/arm-none-eabi/7.3.1/../../../../arm-none-eabi/lib/thumb/v7e-m/fpv4-sp/hard\libc_nano.a(lib_a-mprec.o)
                0x0800d0be                __d2b
 .text.__ssputs_r
                0x0800d15c       0xb4 c:/users/sam.kinuthia/opensourcetools/gnu tools arm embedded/7 2018-q2-update/bin/../lib/gcc/arm-none-eabi/7.3.1/../../../../arm-none-eabi/lib/thumb/v7e-m/fpv4-sp/hard\libc_nano.a(lib_a-nano-svfprintf.o)
                0x0800d15c                __ssputs_r
 .text._svfprintf_r
                0x0800d210      0x1f0 c:/users/sam.kinuthia/opensourcetools/gnu tools arm embedded/7 2018-q2-update/bin/../lib/gcc/arm-none-eabi/7.3.1/../../../../arm-none-eabi/lib/thumb/v7e-m/fpv4-sp/hard\libc_nano.a(lib_a-nano-svfprintf.o)
                0x0800d210                _svfiprintf_r
                0x0800d210                _svfprintf_r
 .text.__sfputc_r
                0x0800d400       0x2e c:/users/sam.kinuthia/opensourcetools/gnu tools arm embedded/7 2018-q2-update/bin/../lib/gcc/arm-none-eabi/7.3.1/../../../../arm-none-eabi/lib/thumb/v7e-m/fpv4-sp/hard\libc_nano.a(lib_a-nano-vfprintf.o)
 .text.__sfputs_r
                0x0800d42e       0x24 c:/users/sam.kinuthia/opensourcetools/gnu tools arm embedded/7 2018-q2-update/bin/../lib/gcc/arm-none-eabi/7.3.1/../../../../arm-none-eabi/lib/thumb/v7e-m/fpv4-sp/hard\libc_nano.a(lib_a-nano-vfprintf.o)
                0x0800d42e                __sfputs_r
 *fill*         0x0800d452        0x2 
 .text._vfprintf_r
                0x0800d454      0x22c c:/users/sam.kinuthia/opensourcetools/gnu tools arm embedded/7 2018-q2-update/bin/../lib/gcc/arm-none-eabi/7.3.1/../../../../arm-none-eabi/lib/thumb/v7e-m/fpv4-sp/hard\libc_nano.a(lib_a-nano-vfprintf.o)
                0x0800d454                _vfprintf_r
                0x0800d454                _vfiprintf_r
 .text._putc_r  0x0800d680       0x6c c:/users/sam.kinuthia/opensourcetools/gnu tools arm embedded/7 2018-q2-update/bin/../lib/gcc/arm-none-eabi/7.3.1/../../../../arm-none-eabi/lib/thumb/v7e-m/fpv4-sp/hard\libc_nano.a(lib_a-putc.o)
                0x0800d680                _putc_r
 .text._read_r  0x0800d6ec       0x24 c:/users/sam.kinuthia/opensourcetools/gnu tools arm embedded/7 2018-q2-update/bin/../lib/gcc/arm-none-eabi/7.3.1/../../../../arm-none-eabi/lib/thumb/v7e-m/fpv4-sp/hard\libc_nano.a(lib_a-readr.o)
                0x0800d6ec                _read_r
 .text.__srget_r
                0x0800d710       0x58 c:/users/sam.kinuthia/opensourcetools/gnu tools arm embedded/7 2018-q2-update/bin/../lib/gcc/arm-none-eabi/7.3.1/../../../../arm-none-eabi/lib/thumb/v7e-m/fpv4-sp/hard\libc_nano.a(lib_a-rget.o)
                0x0800d710                __srget_r
 .text.__ascii_wctomb
                0x0800d768       0x1a c:/users/sam.kinuthia/opensourcetools/gnu tools arm embedded/7 2018-q2-update/bin/../lib/gcc/arm-none-eabi/7.3.1/../../../../arm-none-eabi/lib/thumb/v7e-m/fpv4-sp/hard\libc_nano.a(lib_a-wctomb_r.o)
                0x0800d768                __ascii_wctomb
 *fill*         0x0800d782        0x2 
 .text._fstat_r
                0x0800d784       0x24 c:/users/sam.kinuthia/opensourcetools/gnu tools arm embedded/7 2018-q2-update/bin/../lib/gcc/arm-none-eabi/7.3.1/../../../../arm-none-eabi/lib/thumb/v7e-m/fpv4-sp/hard\libc_nano.a(lib_a-fstatr.o)
                0x0800d784                _fstat_r
 .text._isatty_r
                0x0800d7a8       0x20 c:/users/sam.kinuthia/opensourcetools/gnu tools arm embedded/7 2018-q2-update/bin/../lib/gcc/arm-none-eabi/7.3.1/../../../../arm-none-eabi/lib/thumb/v7e-m/fpv4-sp/hard\libc_nano.a(lib_a-isattyr.o)
                0x0800d7a8                _isatty_r
 .text.memmove  0x0800d7c8       0x32 c:/users/sam.kinuthia/opensourcetools/gnu tools arm embedded/7 2018-q2-update/bin/../lib/gcc/arm-none-eabi/7.3.1/../../../../arm-none-eabi/lib/thumb/v7e-m/fpv4-sp/hard\libc_nano.a(lib_a-memmove.o)
                0x0800d7c8                memmove
 .text.lflush   0x0800d7fa       0x12 c:/users/sam.kinuthia/opensourcetools/gnu tools arm embedded/7 2018-q2-update/bin/../lib/gcc/arm-none-eabi/7.3.1/../../../../arm-none-eabi/lib/thumb/v7e-m/fpv4-sp/hard\libc_nano.a(lib_a-refill.o)
 .text.__srefill_r
                0x0800d80c      0x118 c:/users/sam.kinuthia/opensourcetools/gnu tools arm embedded/7 2018-q2-update/bin/../lib/gcc/arm-none-eabi/7.3.1/../../../../arm-none-eabi/lib/thumb/v7e-m/fpv4-sp/hard\libc_nano.a(lib_a-refill.o)
                0x0800d80c                __srefill_r
 .text._close   0x0800d924       0x10 c:/users/sam.kinuthia/opensourcetools/gnu tools arm embedded/7 2018-q2-update/bin/../lib/gcc/arm-none-eabi/7.3.1/../../../../arm-none-eabi/lib/thumb/v7e-m/fpv4-sp/hard\libnosys.a(close.o)
                0x0800d924                _close
 .text._fstat   0x0800d934       0x10 c:/users/sam.kinuthia/opensourcetools/gnu tools arm embedded/7 2018-q2-update/bin/../lib/gcc/arm-none-eabi/7.3.1/../../../../arm-none-eabi/lib/thumb/v7e-m/fpv4-sp/hard\libnosys.a(fstat.o)
                0x0800d934                _fstat
 .text._isatty  0x0800d944       0x10 c:/users/sam.kinuthia/opensourcetools/gnu tools arm embedded/7 2018-q2-update/bin/../lib/gcc/arm-none-eabi/7.3.1/../../../../arm-none-eabi/lib/thumb/v7e-m/fpv4-sp/hard\libnosys.a(isatty.o)
                0x0800d944                _isatty
 .text._lseek   0x0800d954       0x10 c:/users/sam.kinuthia/opensourcetools/gnu tools arm embedded/7 2018-q2-update/bin/../lib/gcc/arm-none-eabi/7.3.1/../../../../arm-none-eabi/lib/thumb/v7e-m/fpv4-sp/hard\libnosys.a(lseek.o)
                0x0800d954                _lseek
 *(.glue_7)
 .glue_7        0x0800d964        0x0 linker stubs
 *(.glue_7t)
 .glue_7t       0x0800d964        0x0 linker stubs
 *(.eh_frame)
 .eh_frame      0x0800d964        0x0 c:/users/sam.kinuthia/opensourcetools/gnu tools arm embedded/7 2018-q2-update/bin/../lib/gcc/arm-none-eabi/7.3.1/thumb/v7e-m/fpv4-sp/hard/crtbegin.o
 *(.init)
 .init          0x0800d964        0x4 c:/users/sam.kinuthia/opensourcetools/gnu tools arm embedded/7 2018-q2-update/bin/../lib/gcc/arm-none-eabi/7.3.1/thumb/v7e-m/fpv4-sp/hard/crti.o
                0x0800d964                _init
 .init          0x0800d968        0x8 c:/users/sam.kinuthia/opensourcetools/gnu tools arm embedded/7 2018-q2-update/bin/../lib/gcc/arm-none-eabi/7.3.1/thumb/v7e-m/fpv4-sp/hard/crtn.o
 *(.fini)
 .fini          0x0800d970        0x4 c:/users/sam.kinuthia/opensourcetools/gnu tools arm embedded/7 2018-q2-update/bin/../lib/gcc/arm-none-eabi/7.3.1/thumb/v7e-m/fpv4-sp/hard/crti.o
                0x0800d970                _fini
 .fini          0x0800d974        0x8 c:/users/sam.kinuthia/opensourcetools/gnu tools arm embedded/7 2018-q2-update/bin/../lib/gcc/arm-none-eabi/7.3.1/thumb/v7e-m/fpv4-sp/hard/crtn.o
                0x0800d980                . = ALIGN (0x8)
 *fill*         0x0800d97c        0x4 
                0x0800d980                _etext = .

.vfp11_veneer   0x0800d980        0x0
 .vfp11_veneer  0x0800d980        0x0 linker stubs

.v4_bx          0x0800d980        0x0
 .v4_bx         0x0800d980        0x0 linker stubs

.iplt           0x0800d980        0x0
 .iplt          0x0800d980        0x0 c:/users/sam.kinuthia/opensourcetools/gnu tools arm embedded/7 2018-q2-update/bin/../lib/gcc/arm-none-eabi/7.3.1/thumb/v7e-m/fpv4-sp/hard/crtbegin.o

.rodata         0x0800d980     0x5878
                0x0800d980                . = ALIGN (0x4)
                0x0800d980                __oshell_start = .
 *(oshell)
 oshell         0x0800d980       0x20 appbuild/shell_cmd.o
 oshell         0x0800d9a0       0x30 appbuild/shell_test.o
                0x0800d9d0                __oshell_end = .
                0x0800d9d0                . = ALIGN (0x4)
                0x0800d9d0                __osdriv_start = .
 *(osdriv)
                0x0800d9d0                __osdriv_end = .
                0x0800d9d0                . = ALIGN (0x8)
 *(.rodata)
 .rodata        0x0800d9d0       0x72 appbuild/main.o
 *fill*         0x0800da42        0x2 
 .rodata        0x0800da44       0x5c appbuild/sys_init.o
 .rodata        0x0800daa0       0x57 appbuild/i2c.o
 *fill*         0x0800daf7        0x1 
 .rodata        0x0800daf8       0x57 appbuild/spi.o
 *fill*         0x0800db4f        0x1 
 .rodata        0x0800db50       0x16 appbuild/los_hwi.o
 *fill*         0x0800db66        0x2 
 .rodata        0x0800db68        0x7 appbuild/liteos_imp.o
 *fill*         0x0800db6f        0x1 
 .rodata        0x0800db70       0x72 appbuild/los_init.o
 *fill*         0x0800dbe2        0x2 
 .rodata        0x0800dbe4      0x24a appbuild/los_task.o
 *fill*         0x0800de2e        0x2 
 .rodata        0x0800de30        0x9 appbuild/los_swtmr.o
 *fill*         0x0800de39        0x3 
 .rodata        0x0800de3c       0x24 appbuild/los_queue.o
 .rodata        0x0800de60       0x5d appbuild/los_sem.o
 *fill*         0x0800debd        0x3 
 .rodata        0x0800dec0       0x3d appbuild/los_mux.o
 *fill*         0x0800defd        0x3 
 .rodata        0x0800df00      0x1a3 appbuild/los_heap.o
 *fill*         0x0800e0a3        0x1 
 .rodata        0x0800e0a4       0xf9 appbuild/shell_cmd.o
 *fill*         0x0800e19d        0x3 
 .rodata        0x0800e1a0       0x3d appbuild/shell_main.o
 *fill*         0x0800e1dd        0x3 
 .rodata        0x0800e1e0       0x2f appbuild/shell_test.o
 *fill*         0x0800e20f        0x1 
 .rodata        0x0800e210       0x3f appbuild/link_main.o
 *fill*         0x0800e24f        0x1 
 .rodata        0x0800e250       0x61 appbuild/hello_world_demo.o
 *(.rodata*)
 *fill*         0x0800e2b1        0x3 
 .rodata.asc2_1206
                0x0800e2b4      0x474 appbuild/lcd.o
                0x0800e2b4                asc2_1206
 .rodata.asc2_1608
                0x0800e728      0x5f0 appbuild/lcd.o
                0x0800e728                asc2_1608
 .rodata.asc2_2412
                0x0800ed18     0x11d0 appbuild/lcd.o
                0x0800ed18                asc2_2412
 .rodata.asc2_3216
                0x0800fee8     0x2f80 appbuild/lcd.o
                0x0800fee8                asc2_3216
 .rodata.system_phys_mem
                0x08012e68       0x10 appbuild/main.o
                0x08012e68                system_phys_mem
 .rodata.AHBPrescTable
                0x08012e78       0x10 appbuild/system_stm32l4xx.o
                0x08012e78                AHBPrescTable
 .rodata.APBPrescTable
                0x08012e88        0x8 appbuild/system_stm32l4xx.o
                0x08012e88                APBPrescTable
 .rodata.MSIRangeTable
                0x08012e90       0x30 appbuild/system_stm32l4xx.o
                0x08012e90                MSIRangeTable
 .rodata.__FUNCTION__.10827
                0x08012ec0       0x14 appbuild/los_hwi.o
 .rodata.s_liteos_ops
                0x08012ed4       0x58 appbuild/liteos_imp.o
 .rodata.s_link_liteos
                0x08012f2c        0x8 appbuild/liteos_imp.o
 .rodata.__sf_fake_stderr
                0x08012f34       0x20 c:/users/sam.kinuthia/opensourcetools/gnu tools arm embedded/7 2018-q2-update/bin/../lib/gcc/arm-none-eabi/7.3.1/../../../../arm-none-eabi/lib/thumb/v7e-m/fpv4-sp/hard\libc_nano.a(lib_a-findfp.o)
                0x08012f34                __sf_fake_stderr
 .rodata.__sf_fake_stdin
                0x08012f54       0x20 c:/users/sam.kinuthia/opensourcetools/gnu tools arm embedded/7 2018-q2-update/bin/../lib/gcc/arm-none-eabi/7.3.1/../../../../arm-none-eabi/lib/thumb/v7e-m/fpv4-sp/hard\libc_nano.a(lib_a-findfp.o)
                0x08012f54                __sf_fake_stdin
 .rodata.__sf_fake_stdout
                0x08012f74       0x20 c:/users/sam.kinuthia/opensourcetools/gnu tools arm embedded/7 2018-q2-update/bin/../lib/gcc/arm-none-eabi/7.3.1/../../../../arm-none-eabi/lib/thumb/v7e-m/fpv4-sp/hard\libc_nano.a(lib_a-findfp.o)
                0x08012f74                __sf_fake_stdout
 .rodata._global_impure_ptr
                0x08012f94        0x4 c:/users/sam.kinuthia/opensourcetools/gnu tools arm embedded/7 2018-q2-update/bin/../lib/gcc/arm-none-eabi/7.3.1/../../../../arm-none-eabi/lib/thumb/v7e-m/fpv4-sp/hard\libc_nano.a(lib_a-impure.o)
                0x08012f94                _global_impure_ptr
 .rodata._printf_float.str1.1
                0x08012f98       0x12 c:/users/sam.kinuthia/opensourcetools/gnu tools arm embedded/7 2018-q2-update/bin/../lib/gcc/arm-none-eabi/7.3.1/../../../../arm-none-eabi/lib/thumb/v7e-m/fpv4-sp/hard\libc_nano.a(lib_a-nano-vfprintf_float.o)
 .rodata._printf_i.str1.1
                0x08012faa       0x22 c:/users/sam.kinuthia/opensourcetools/gnu tools arm embedded/7 2018-q2-update/bin/../lib/gcc/arm-none-eabi/7.3.1/../../../../arm-none-eabi/lib/thumb/v7e-m/fpv4-sp/hard\libc_nano.a(lib_a-nano-vfprintf_i.o)
 .rodata._dtoa_r.str1.1
                0x08012fcc        0xd c:/users/sam.kinuthia/opensourcetools/gnu tools arm embedded/7 2018-q2-update/bin/../lib/gcc/arm-none-eabi/7.3.1/../../../../arm-none-eabi/lib/thumb/v7e-m/fpv4-sp/hard\libc_nano.a(lib_a-dtoa.o)
                                  0xf (size before relaxing)
 .rodata._setlocale_r.str1.1
                0x08012fd9        0x8 c:/users/sam.kinuthia/opensourcetools/gnu tools arm embedded/7 2018-q2-update/bin/../lib/gcc/arm-none-eabi/7.3.1/../../../../arm-none-eabi/lib/thumb/v7e-m/fpv4-sp/hard\libc_nano.a(lib_a-locale.o)
                                  0x9 (size before relaxing)
 .rodata.str1.1
                0x08012fe1        0x2 c:/users/sam.kinuthia/opensourcetools/gnu tools arm embedded/7 2018-q2-update/bin/../lib/gcc/arm-none-eabi/7.3.1/../../../../arm-none-eabi/lib/thumb/v7e-m/fpv4-sp/hard\libc_nano.a(lib_a-locale.o)
 *fill*         0x08012fe3        0x5 
 .rodata.__mprec_bigtens
                0x08012fe8       0x28 c:/users/sam.kinuthia/opensourcetools/gnu tools arm embedded/7 2018-q2-update/bin/../lib/gcc/arm-none-eabi/7.3.1/../../../../arm-none-eabi/lib/thumb/v7e-m/fpv4-sp/hard\libc_nano.a(lib_a-mprec.o)
                0x08012fe8                __mprec_bigtens
 .rodata.__mprec_tens
                0x08013010       0xc8 c:/users/sam.kinuthia/opensourcetools/gnu tools arm embedded/7 2018-q2-update/bin/../lib/gcc/arm-none-eabi/7.3.1/../../../../arm-none-eabi/lib/thumb/v7e-m/fpv4-sp/hard\libc_nano.a(lib_a-mprec.o)
                0x08013010                __mprec_tens
 .rodata.p05.7359
                0x080130d8        0xc c:/users/sam.kinuthia/opensourcetools/gnu tools arm embedded/7 2018-q2-update/bin/../lib/gcc/arm-none-eabi/7.3.1/../../../../arm-none-eabi/lib/thumb/v7e-m/fpv4-sp/hard\libc_nano.a(lib_a-mprec.o)
 .rodata._svfprintf_r.str1.1
                0x080130e4       0x11 c:/users/sam.kinuthia/opensourcetools/gnu tools arm embedded/7 2018-q2-update/bin/../lib/gcc/arm-none-eabi/7.3.1/../../../../arm-none-eabi/lib/thumb/v7e-m/fpv4-sp/hard\libc_nano.a(lib_a-nano-svfprintf.o)
 .rodata._vfprintf_r.str1.1
                0x080130f5       0x11 c:/users/sam.kinuthia/opensourcetools/gnu tools arm embedded/7 2018-q2-update/bin/../lib/gcc/arm-none-eabi/7.3.1/../../../../arm-none-eabi/lib/thumb/v7e-m/fpv4-sp/hard\libc_nano.a(lib_a-nano-vfprintf.o)
 .rodata._ctype_
                0x080130f5      0x101 c:/users/sam.kinuthia/opensourcetools/gnu tools arm embedded/7 2018-q2-update/bin/../lib/gcc/arm-none-eabi/7.3.1/../../../../arm-none-eabi/lib/thumb/v7e-m/fpv4-sp/hard\libc_nano.a(lib_a-ctype_.o)
                0x080130f5                _ctype_
                0x080131f8                . = ALIGN (0x8)
 *fill*         0x080131f6        0x2 

.ARM.extab      0x080131f8        0x0
                0x080131f8                . = ALIGN (0x8)
 *(.ARM.extab* .gnu.linkonce.armextab.*)
                0x080131f8                . = ALIGN (0x8)

.ARM            0x080131f8        0x8
                0x080131f8                . = ALIGN (0x8)
                0x080131f8                __exidx_start = .
 *(.ARM.exidx*)
 .ARM.exidx     0x080131f8        0x8 c:/users/sam.kinuthia/opensourcetools/gnu tools arm embedded/7 2018-q2-update/bin/../lib/gcc/arm-none-eabi/7.3.1/thumb/v7e-m/fpv4-sp/hard\libgcc.a(_udivmoddi4.o)
                0x08013200                __exidx_end = .
                0x08013200                . = ALIGN (0x8)

.rel.dyn        0x08013200        0x0
 .rel.iplt      0x08013200        0x0 c:/users/sam.kinuthia/opensourcetools/gnu tools arm embedded/7 2018-q2-update/bin/../lib/gcc/arm-none-eabi/7.3.1/thumb/v7e-m/fpv4-sp/hard/crtbegin.o

.preinit_array  0x08013200        0x0
                0x08013200                . = ALIGN (0x8)
                0x08013200                PROVIDE (__preinit_array_start = .)
 *(.preinit_array*)
                0x08013200                PROVIDE (__preinit_array_end = .)
                0x08013200                . = ALIGN (0x8)

.init_array     0x08013200        0x8
                0x08013200                . = ALIGN (0x8)
                0x08013200                PROVIDE (__init_array_start = .)
 *(SORT_BY_NAME(.init_array.*))
 *(.init_array*)
 .init_array    0x08013200        0x4 c:/users/sam.kinuthia/opensourcetools/gnu tools arm embedded/7 2018-q2-update/bin/../lib/gcc/arm-none-eabi/7.3.1/thumb/v7e-m/fpv4-sp/hard/crtbegin.o
                0x08013204                PROVIDE (__init_array_end = .)
                0x08013208                . = ALIGN (0x8)
 *fill*         0x08013204        0x4 

.fini_array     0x08013208        0x8
                0x08013208                . = ALIGN (0x8)
                [!provide]                PROVIDE (__fini_array_start = .)
 *(SORT_BY_NAME(.fini_array.*))
 *(.fini_array*)
 .fini_array    0x08013208        0x4 c:/users/sam.kinuthia/opensourcetools/gnu tools arm embedded/7 2018-q2-update/bin/../lib/gcc/arm-none-eabi/7.3.1/thumb/v7e-m/fpv4-sp/hard/crtbegin.o
                [!provide]                PROVIDE (__fini_array_end = .)
                0x08013210                . = ALIGN (0x8)
 *fill*         0x0801320c        0x4 
                0x08013210                _sidata = LOADADDR (.data)

.data           0x20000000      0x1f0 load address 0x08013210
                0x20000000                . = ALIGN (0x8)
                0x20000000                _sdata = .
 *(.data)
 *(.data*)
 .data.BACK_COLOR
                0x20000000        0x2 appbuild/lcd.o
                0x20000000                BACK_COLOR
 *fill*         0x20000002        0x2 
 .data.SystemCoreClock
                0x20000004        0x4 appbuild/system_stm32l4xx.o
                0x20000004                SystemCoreClock
 .data.s_pUSART
                0x20000008        0x4 appbuild/uart_debug.o
 .data.s_uwIRQn
                0x2000000c        0x4 appbuild/uart_debug.o
 .data.gs_os_shell_type
                0x20000010        0x8 appbuild/shell_cmd.o
 .data.gs_welcome_info
                0x20000018        0x4 appbuild/shell_main.o
 .data._impure_ptr
                0x2000001c        0x4 c:/users/sam.kinuthia/opensourcetools/gnu tools arm embedded/7 2018-q2-update/bin/../lib/gcc/arm-none-eabi/7.3.1/../../../../arm-none-eabi/lib/thumb/v7e-m/fpv4-sp/hard\libc_nano.a(lib_a-impure.o)
                0x2000001c                _impure_ptr
 .data.impure_data
                0x20000020       0x60 c:/users/sam.kinuthia/opensourcetools/gnu tools arm embedded/7 2018-q2-update/bin/../lib/gcc/arm-none-eabi/7.3.1/../../../../arm-none-eabi/lib/thumb/v7e-m/fpv4-sp/hard\libc_nano.a(lib_a-impure.o)
 .data.__global_locale
                0x20000080      0x16c c:/users/sam.kinuthia/opensourcetools/gnu tools arm embedded/7 2018-q2-update/bin/../lib/gcc/arm-none-eabi/7.3.1/../../../../arm-none-eabi/lib/thumb/v7e-m/fpv4-sp/hard\libc_nano.a(lib_a-locale.o)
                0x20000080                __global_locale
                0x200001f0                . = ALIGN (0x8)
 *fill*         0x200001ec        0x4 
                0x200001f0                _edata = .

.igot.plt       0x200001f0        0x0 load address 0x08013400
 .igot.plt      0x200001f0        0x0 c:/users/sam.kinuthia/opensourcetools/gnu tools arm embedded/7 2018-q2-update/bin/../lib/gcc/arm-none-eabi/7.3.1/thumb/v7e-m/fpv4-sp/hard/crtbegin.o
                0x200001f0                . = ALIGN (0x4)

.bss            0x200001f0      0xf90 load address 0x08013400
                0x200001f0                _sbss = .
                0x200001f0                __bss_start__ = _sbss
 *(.bss)
 .bss           0x200001f0       0x1c c:/users/sam.kinuthia/opensourcetools/gnu tools arm embedded/7 2018-q2-update/bin/../lib/gcc/arm-none-eabi/7.3.1/thumb/v7e-m/fpv4-sp/hard/crtbegin.o
 *(.bss*)
 .bss.lcd_buf   0x2000020c      0x480 appbuild/lcd.o
 .bss.POINT_COLOR
                0x2000068c        0x2 appbuild/lcd.o
                0x2000068c                POINT_COLOR
 *fill*         0x2000068e        0x2 
 .bss.s_uart_init
                0x20000690        0x4 appbuild/uart_debug.o
 .bss.s_uartdebug_rcv_ring
                0x20000694       0x10 appbuild/uart_debug.o
 .bss.s_uartdebug_rcv_ringmem
                0x200006a4       0x80 appbuild/uart_debug.o
 .bss.s_uartdebug_rcv_sync
                0x20000724        0x4 appbuild/uart_debug.o
 .bss.cpuclkfeq
                0x20000728        0x4 appbuild/dwt.o
 .bss.s_os_cb   0x2000072c        0x4 appbuild/osal.o
 .bss.g_vuwIntCount
                0x20000730        0x4 appbuild/los_hwi.o
                0x20000730                g_vuwIntCount
 .bss.g_uwPriQueueBitmap
                0x20000734        0x4 appbuild/los_priqueue.o
 .bss.g_pfnTskSwitchHook
                0x20000738        0x4 appbuild/los_task.o
                0x20000738                g_pfnTskSwitchHook
 .bss.g_pfnUsrTskSwitchHook
                0x2000073c        0x4 appbuild/los_task.o
                0x2000073c                g_pfnUsrTskSwitchHook
 .bss.g_bSysTickStart
                0x20000740        0x4 appbuild/los_tick.o
                0x20000740                g_bSysTickStart
 .bss.m_uwSwTmrAlignID
                0x20000744       0x40 appbuild/los_swtmr.o
                0x20000744                m_uwSwTmrAlignID
 .bss.g_pstAllMux
                0x20000784        0x4 appbuild/los_mux.o
                0x20000784                g_pstAllMux
 .bss.s_astAllMux.11261
                0x20000788      0x1e0 appbuild/los_mux.o
 .bss.gs_shell_cb
                0x20000968       0x10 appbuild/shell_cmd.o
 .bss.tab_matches
                0x20000978       0x44 appbuild/shell_cmd.o
 .bss.s_link_mainversion
                0x200009bc       0x40 appbuild/link_main.o
 .bss.s_link_start
                0x200009fc        0x4 appbuild/link_main.o
 *(COMMON)
 COMMON         0x20000a00       0x78 appbuild/uart_debug.o
                0x20000a00                uart_debug
 COMMON         0x20000a78       0xe4 appbuild/i2c.o
                0x20000a78                hi2c3
                0x20000ac4                hi2c1
                0x20000b10                hi2c2
 COMMON         0x20000b5c       0x64 appbuild/spi.o
                0x20000b5c                hspi2
 COMMON         0x20000bc0      0x3c4 appbuild/los_hwi.o
                0x20000bc0                m_pstHwiSlaveForm
 COMMON         0x20000f84        0x4 appbuild/los_init.o
                0x20000f84                m_aucSysMem0
 COMMON         0x20000f88        0x4 appbuild/los_priqueue.o
                0x20000f88                g_pstLosPriorityQueueList
 COMMON         0x20000f8c        0x8 appbuild/los_timeslice.o
                0x20000f8c                g_stTaskTimeSlice
 COMMON         0x20000f94      0x198 appbuild/los_task.o
                0x20000f94                g_uwIdleTaskID
                0x20000f98                g_uwSwtmrTaskID
                0x20000f9c                g_stTskRecyleList
                0x20000fa4                g_stTskSortLink
                0x20000fac                g_pstTaskCBArray
                0x20000fb0                g_uwTskMaxNum
                0x20000fb4                g_usLosTaskLock
                0x20000fb8                g_stLosTask
                0x20000fc0                g_bTaskScheduled
                0x20000fc4                g_stLosFreeTask
                0x20000fcc                g_astTskSwitchInfo
                0x20001124                g_stTaskTimerList
 *fill*         0x2000112c        0x4 
 COMMON         0x20001130       0x18 appbuild/los_tick.o
                0x20001130                g_ullTickCount
                0x20001138                g_uwCyclesPerTick
                0x2000113c                g_uwSysClock
                0x20001140                g_uwCyclePerSec
                0x20001144                g_uwTicksPerSec
 COMMON         0x20001148       0x10 appbuild/los_swtmr.o
                0x20001148                m_pstSwtmrFreeList
                0x2000114c                m_pstSwtmrCBArray
                0x20001150                m_uwSwTmrHandlerQueue
                0x20001154                m_pstSwtmrSortList
 COMMON         0x20001158        0xc appbuild/los_queue.o
                0x20001158                g_stFreeQueueList
                0x20001160                g_pstAllQueue
 COMMON         0x20001164        0xc appbuild/los_sem.o
                0x20001164                g_stUnusedSemList
                0x2000116c                g_pstAllSem
 COMMON         0x20001170        0x8 appbuild/los_mux.o
                0x20001170                g_stUnusedMuxList
 COMMON         0x20001178        0x4 appbuild/los_err.o
                0x20001178                g_stUserErrFunc
 COMMON         0x2000117c        0x4 c:/users/sam.kinuthia/opensourcetools/gnu tools arm embedded/7 2018-q2-update/bin/../lib/gcc/arm-none-eabi/7.3.1/../../../../arm-none-eabi/lib/thumb/v7e-m/fpv4-sp/hard\libc_nano.a(lib_a-reent.o)
                0x2000117c                errno
                0x20001180                . = ALIGN (0x4)
                0x20001180                _ebss = .
                0x20001180                __bss_end__ = _ebss

._user_heap_stack
                0x20001180      0x600 load address 0x08013400
                0x20001180                . = ALIGN (0x8)
                [!provide]                PROVIDE (end = .)
                [!provide]                PROVIDE (_end = .)
                0x20001380                . = (. + _Min_Heap_Size)
 *fill*         0x20001180      0x200 
                0x20001780                . = (. + _Min_Stack_Size)
 *fill*         0x20001380      0x400 
                0x20001780                . = ALIGN (0x8)
                0x20001780                . = ALIGN (0x8)
                0x20001780                __los_heap_addr_start__ = .
                0x2000fbff                __los_heap_addr_end__ = (((ORIGIN (RAM) + LENGTH (RAM)) - _Min_Stack_Size) - 0x1)

/DISCARD/
 libc.a(*)
 libm.a(*)
 libgcc.a(*)

.ARM.attributes
                0x00000000       0x30
 *(.ARM.attributes)
 .ARM.attributes
                0x00000000       0x22 c:/users/sam.kinuthia/opensourcetools/gnu tools arm embedded/7 2018-q2-update/bin/../lib/gcc/arm-none-eabi/7.3.1/thumb/v7e-m/fpv4-sp/hard/crti.o
 .ARM.attributes
                0x00000022       0x34 c:/users/sam.kinuthia/opensourcetools/gnu tools arm embedded/7 2018-q2-update/bin/../lib/gcc/arm-none-eabi/7.3.1/thumb/v7e-m/fpv4-sp/hard/crtbegin.o
 .ARM.attributes
                0x00000056       0x39 appbuild/stm32l4xx_hal_rcc.o
 .ARM.attributes
                0x0000008f       0x39 appbuild/stm32l4xx_hal_pwr_ex.o
 .ARM.attributes
                0x000000c8       0x39 appbuild/stm32l4xx_hal_pwr.o
 .ARM.attributes
                0x00000101       0x39 appbuild/stm32l4xx_hal_gpio.o
 .ARM.attributes
                0x0000013a       0x39 appbuild/stm32l4xx_hal_rcc_ex.o
 .ARM.attributes
                0x00000173       0x39 appbuild/stm32l4xx_hal_cortex.o
 .ARM.attributes
                0x000001ac       0x39 appbuild/stm32l4xx_hal_uart.o
 .ARM.attributes
                0x000001e5       0x39 appbuild/stm32l4xx_hal.o
 .ARM.attributes
                0x0000021e       0x39 appbuild/stm32l4xx_hal_spi.o
 .ARM.attributes
                0x00000257       0x39 appbuild/stm32l4xx_hal_i2c.o
 .ARM.attributes
                0x00000290       0x39 appbuild/stm32l4xx_hal_i2c_ex.o
 .ARM.attributes
                0x000002c9       0x39 appbuild/lcd.o
 .ARM.attributes
                0x00000302       0x39 appbuild/main.o
 .ARM.attributes
                0x0000033b       0x39 appbuild/system_stm32l4xx.o
 .ARM.attributes
                0x00000374       0x39 appbuild/stm32l4xx_it.o
 .ARM.attributes
                0x000003ad       0x39 appbuild/sys_init.o
 .ARM.attributes
                0x000003e6       0x39 appbuild/usart.o
 .ARM.attributes
                0x0000041f       0x39 appbuild/uart_debug.o
 .ARM.attributes
                0x00000458       0x39 appbuild/dwt.o
 .ARM.attributes
                0x00000491       0x39 appbuild/i2c.o
 .ARM.attributes
                0x000004ca       0x39 appbuild/spi.o
 .ARM.attributes
                0x00000503       0x39 appbuild/gpio.o
 .ARM.attributes
                0x0000053c       0x39 appbuild/link_string.o
 .ARM.attributes
                0x00000575       0x39 appbuild/link_ring_buffer.o
 .ARM.attributes
                0x000005ae       0x39 appbuild/osal.o
 .ARM.attributes
                0x000005e7       0x39 appbuild/los_dispatch.o
 .ARM.attributes
                0x00000620       0x39 appbuild/los_hw_tick.o
 .ARM.attributes
                0x00000659       0x39 appbuild/los_hwi.o
 .ARM.attributes
                0x00000692       0x39 appbuild/los_hw.o
 .ARM.attributes
                0x000006cb       0x39 appbuild/cmsis_liteos.o
 .ARM.attributes
                0x00000704       0x39 appbuild/newlib_stub.o
 .ARM.attributes
                0x0000073d       0x39 appbuild/liteos_imp.o
 .ARM.attributes
                0x00000776       0x39 appbuild/malloc.o
 .ARM.attributes
                0x000007af       0x39 appbuild/los_init.o
 .ARM.attributes
                0x000007e8       0x39 appbuild/los_sys.o
 .ARM.attributes
                0x00000821       0x39 appbuild/los_priqueue.o
 .ARM.attributes
                0x0000085a       0x39 appbuild/los_timeslice.o
 .ARM.attributes
                0x00000893       0x39 appbuild/los_task.o
 .ARM.attributes
                0x000008cc       0x39 appbuild/los_tick.o
 .ARM.attributes
                0x00000905       0x39 appbuild/los_swtmr.o
 .ARM.attributes
                0x0000093e       0x39 appbuild/los_queue.o
 .ARM.attributes
                0x00000977       0x39 appbuild/los_sem.o
 .ARM.attributes
                0x000009b0       0x39 appbuild/los_mux.o
 .ARM.attributes
                0x000009e9       0x39 appbuild/los_memory.o
 .ARM.attributes
                0x00000a22       0x39 appbuild/los_heap.o
 .ARM.attributes
                0x00000a5b       0x39 appbuild/los_slab.o